#
# A fatal error has been detected by the Java Runtime Environment:
#
#  Internal Error (ci/ciEnv.hpp:177), pid=20168, tid=36436
#  Error: ShouldNotReachHere()
#
# JRE version: OpenJDK Runtime Environment Microsoft-14631665 (11.0.32+9) (build 11.0.32+9-LTS)
# Java VM: OpenJDK 64-Bit Server VM Microsoft-14631665 (11.0.32+9-LTS, mixed mode, sharing, tiered, compressed oops, g1 gc, windows-amd64)
# No core dump will be written. Minidumps are not enabled by default on client versions of Windows
#
# If you would like to submit a bug report, please visit:
#   https://github.com/microsoft/openjdk/issues
#

---------------  S U M M A R Y ------------

Command Line: -Ddebugger.agent.enable.coroutines=true -Ddebugger.agent.enable.log.capture=true -Ddebugger.async.stack.trace.for.all.threads=true -Dkotlinx.coroutines.debug.enable.creation.stack.trace=false -Dkotlinx.coroutines.debug.enable.flows.stack.trace=true -Dkotlinx.coroutines.debug.enable.mutable.state.flows.stack.trace=true -agentlib:jdwp=transport=dt_socket,server=n,suspend=y,address=127.0.0.1:57181 -javaagent:C:\Users\TDub\AppData\Local\JetBrains\IntelliJIdea2026.2\captureAgent\debugger-agent.jar=file:///C:/Users/TDub/AppData/Local/Temp/capture12922535317248871170.props -Dfile.encoding=UTF-8 -Duser.country=US -Duser.language=en -Duser.variant -ea com.mycombatlevel.PluginLauncher

Host: Intel(R) Core(TM) Ultra 9 285H, 16 cores, 31G,  Windows 11 , 64 bit Build 26100 (10.0.26100.8972)
Time: Sat Aug  8 02:17:38 2026 Pacific Daylight Time elapsed time: 368.280676 seconds (0d 0h 6m 8s)

---------------  T H R E A D  ---------------

Current thread (0x000002ae2eb8c000):  JavaThread "C2 CompilerThread0" daemon [_thread_in_vm, id=36436, stack(0x000000b34d700000,0x000000b34d800000)]


Current CompileTask:
C2: 368280 19172       4       com.mycombatlevel.ExamplePlugin$overlay_screen::render (244 bytes)

Stack: [0x000000b34d700000,0x000000b34d800000]
Native frames: (J=compiled Java code, j=interpreted, Vv=VM code, C=native code)
V  [jvm.dll+0x6577d9]  (no source info available)
V  [jvm.dll+0x7ebc2f]  (no source info available)
V  [jvm.dll+0x7ed319]  (no source info available)
V  [jvm.dll+0x7ed9d7]  (no source info available)
V  [jvm.dll+0x26cfec]  (no source info available)
V  [jvm.dll+0x26cf33]  (no source info available)
V  [jvm.dll+0x1c0c9c]  (no source info available)
V  [jvm.dll+0x1bde5e]  (no source info available)
V  [jvm.dll+0x1bdd0a]  (no source info available)
V  [jvm.dll+0x1d4561]  (no source info available)
V  [jvm.dll+0x1d9d12]  (no source info available)
V  [jvm.dll+0x1d7d69]  (no source info available)
V  [jvm.dll+0x1da273]  (no source info available)
V  [jvm.dll+0x1d99bb]  (no source info available)
V  [jvm.dll+0x1da983]  (no source info available)
V  [jvm.dll+0x1d9cbe]  (no source info available)
V  [jvm.dll+0x1c80b0]  (no source info available)
V  [jvm.dll+0x1320d5]  (no source info available)
V  [jvm.dll+0x1a2d96]  (no source info available)
V  [jvm.dll+0x223489]  (no source info available)
V  [jvm.dll+0x1a134d]  (no source info available)
V  [jvm.dll+0x2341e6]  (no source info available)
V  [jvm.dll+0x232588]  (no source info available)
V  [jvm.dll+0x7ad3c4]  (no source info available)
V  [jvm.dll+0x7a5f54]  (no source info available)
V  [jvm.dll+0x658bc5]  (no source info available)
C  [ucrtbase.dll+0x2cd30]  (no source info available)
C  [KERNEL32.DLL+0x2ccb7]  (no source info available)
C  [ntdll.dll+0xaad6c]  (no source info available)


---------------  P R O C E S S  ---------------

Threads class SMR info:
_java_thread_list=0x000002ae402f8f20, length=38, elements={
0x000002ae2eb6b000, 0x000002ae2eb6c000, 0x000002ae2eb81800, 0x000002ae2eb84800,
0x000002ae2eb8a800, 0x000002ae2eb8c000, 0x000002ae2eb8f000, 0x000002ae2eb96000,
0x000002ae2ed27800, 0x000002ae2ee0e000, 0x000002ae2ee3d000, 0x000002ae2ee0f000,
0x000002ae2eefd000, 0x000002ae2ef02800, 0x000002ae30ee2000, 0x000002ae30eeb000,
0x000002ae311b7800, 0x000002ae30ebb800, 0x000002ae313a9800, 0x000002ae312b7000,
0x000002ae312b5000, 0x000002ae312ba000, 0x000002ae312bd800, 0x000002ae312b8800,
0x000002ae312bc800, 0x000002ae312c1800, 0x000002ae312c3000, 0x000002ae390f9000,
0x000002ae390f7800, 0x000002ae390f9800, 0x000002ae39101000, 0x000002ae39102000,
0x000002ae313ac000, 0x000002ae2f36c800, 0x000002ae2f370000, 0x000002ae2f36e800,
0x000002ae2f374000, 0x000002ae2f375000
}

Java Threads: ( => current thread )
  0x000002ae2eb6b000 JavaThread "Reference Handler" daemon [_thread_blocked, id=43568, stack(0x000000b34d200000,0x000000b34d300000)]
  0x000002ae2eb6c000 JavaThread "Finalizer" daemon [_thread_blocked, id=7132, stack(0x000000b34d300000,0x000000b34d400000)]
  0x000002ae2eb81800 JavaThread "Signal Dispatcher" daemon [_thread_blocked, id=33520, stack(0x000000b34d400000,0x000000b34d500000)]
  0x000002ae2eb84800 JavaThread "Attach Listener" daemon [_thread_blocked, id=43228, stack(0x000000b34d500000,0x000000b34d600000)]
  0x000002ae2eb8a800 JavaThread "Service Thread" daemon [_thread_blocked, id=40948, stack(0x000000b34d600000,0x000000b34d700000)]
=>0x000002ae2eb8c000 JavaThread "C2 CompilerThread0" daemon [_thread_in_vm, id=36436, stack(0x000000b34d700000,0x000000b34d800000)]
  0x000002ae2eb8f000 JavaThread "C1 CompilerThread0" daemon [_thread_blocked, id=44988, stack(0x000000b34d800000,0x000000b34d900000)]
  0x000002ae2eb96000 JavaThread "Sweeper thread" daemon [_thread_blocked, id=41780, stack(0x000000b34d900000,0x000000b34da00000)]
  0x000002ae2ed27800 JavaThread "Common-Cleaner" daemon [_thread_blocked, id=45032, stack(0x000000b34db00000,0x000000b34dc00000)]
  0x000002ae2ee0e000 JavaThread "JDWP Transport Listener: dt_socket" daemon [_thread_blocked, id=37380, stack(0x000000b34e000000,0x000000b34e100000)]
  0x000002ae2ee3d000 JavaThread "JDWP Event Helper Thread" daemon [_thread_blocked, id=32132, stack(0x000000b34e100000,0x000000b34e200000)]
  0x000002ae2ee0f000 JavaThread "JDWP Command Reader" daemon [_thread_in_native, id=38584, stack(0x000000b34e200000,0x000000b34e300000)]
  0x000002ae2eefd000 JavaThread "IntelliJ Debugger Overhead Detector Coarse Timer" daemon [_thread_blocked, id=9536, stack(0x000000b34e300000,0x000000b34e400000)]
  0x000002ae2ef02800 JavaThread "IntelliJ Debugger Helper Thread" daemon [_thread_blocked, id=40588, stack(0x000000b34e400000,0x000000b34e500000)]
  0x000002ae30ee2000 JavaThread "Java2D Disposer" daemon [_thread_blocked, id=43412, stack(0x000000b34e600000,0x000000b34e700000)]
  0x000002ae30eeb000 JavaThread "AWT-Shutdown" [_thread_blocked, id=28744, stack(0x000000b34f400000,0x000000b34f500000)]
  0x000002ae311b7800 JavaThread "AWT-Windows" daemon [_thread_in_native, id=5036, stack(0x000000b34f500000,0x000000b34f600000)]
  0x000002ae30ebb800 JavaThread "AWT-EventQueue-0" [_thread_blocked, id=23436, stack(0x000000b34f600000,0x000000b34f700000)]
  0x000002ae313a9800 JavaThread "TimerQueue" daemon [_thread_blocked, id=37988, stack(0x000000b34f700000,0x000000b34f800000)]
  0x000002ae312b7000 JavaThread "OkHttp static.runelite.net Writer" [_thread_blocked, id=25064, stack(0x000000b34fd00000,0x000000b34fe00000)]
  0x000002ae312b5000 JavaThread "OkHttp static.runelite.net" [_thread_in_native, id=43120, stack(0x000000b34fe00000,0x000000b34ff00000)]
  0x000002ae312ba000 JavaThread "OkHttp ConnectionPool" daemon [_thread_blocked, id=24540, stack(0x000000b34ff00000,0x000000b350000000)]
  0x000002ae312bd800 JavaThread "pool-2-thread-1" [_thread_blocked, id=32236, stack(0x000000b34df00000,0x000000b34e000000)]
  0x000002ae312b8800 JavaThread "Thread-1" daemon [_thread_blocked, id=22412, stack(0x000000b34fb00000,0x000000b34fc00000)]
  0x000002ae312bc800 JavaThread "Client" daemon [_thread_in_native, id=4796, stack(0x000000b350300000,0x000000b350400000)]
  0x000002ae312c1800 JavaThread "Thread-3" daemon [_thread_blocked, id=20924, stack(0x000000b350200000,0x000000b350300000)]
  0x000002ae312c3000 JavaThread "Thread-5" daemon [_thread_blocked, id=39796, stack(0x000000b350c00000,0x000000b350d00000)]
  0x000002ae390f9000 JavaThread "Java Sound Event Dispatcher" daemon [_thread_blocked, id=4564, stack(0x000000b351000000,0x000000b351100000)]
  0x000002ae390f7800 JavaThread "Sound Engine" [_thread_blocked, id=35792, stack(0x000000b351400000,0x000000b351500000)]
  0x000002ae390f9800 JavaThread "Thread-7" daemon [_thread_blocked, id=45424, stack(0x000000b351700000,0x000000b351800000)]
  0x000002ae39101000 JavaThread "pool-6-thread-1" [_thread_blocked, id=39196, stack(0x000000b351800000,0x000000b351900000)]
  0x000002ae39102000 JavaThread "DestroyJavaVM" [_thread_blocked, id=41728, stack(0x000000b34cb00000,0x000000b34cc00000)]
  0x000002ae313ac000 JavaThread "Thread-8" daemon [_thread_in_native, id=22384, stack(0x000000b34de00000,0x000000b34df00000)]
  0x000002ae2f36c800 JavaThread "Thread-9" daemon [_thread_blocked, id=43924, stack(0x000000b34f200000,0x000000b34f300000)]
  0x000002ae2f370000 JavaThread "Map Loader" daemon [_thread_blocked, id=30700, stack(0x000000b350500000,0x000000b350600000)]
  0x000002ae2f36e800 JavaThread "RenderThread0" daemon [_thread_blocked, id=39740, stack(0x000000b352500000,0x000000b352600000)]
  0x000002ae2f374000 JavaThread "RenderThread1" daemon [_thread_blocked, id=36228, stack(0x000000b352600000,0x000000b352700000)]
  0x000002ae2f375000 JavaThread "RenderThread2" daemon [_thread_blocked, id=30976, stack(0x000000b352700000,0x000000b352800000)]

Other Threads:
  0x000002ae2eb67000 VMThread "VM Thread" [stack: 0x000000b34d100000,0x000000b34d200000] [id=45716]
  0x000002ae2f01f000 WatcherThread [stack: 0x000000b34e500000,0x000000b34e600000] [id=36932]
  0x000002ae7a362000 GCTaskThread "GC Thread#0" [stack: 0x000000b34cc00000,0x000000b34cd00000] [id=14940]
  0x000002ae2fbc1000 GCTaskThread "GC Thread#1" [stack: 0x000000b34e700000,0x000000b34e800000] [id=19236]
  0x000002ae2fbce800 GCTaskThread "GC Thread#2" [stack: 0x000000b34e800000,0x000000b34e900000] [id=24832]
  0x000002ae2fbd0800 GCTaskThread "GC Thread#3" [stack: 0x000000b34e900000,0x000000b34ea00000] [id=43756]
  0x000002ae2fbd2800 GCTaskThread "GC Thread#4" [stack: 0x000000b34ea00000,0x000000b34eb00000] [id=25152]
  0x000002ae2fbd4800 GCTaskThread "GC Thread#5" [stack: 0x000000b34eb00000,0x000000b34ec00000] [id=30168]
  0x000002ae2fbdb000 GCTaskThread "GC Thread#6" [stack: 0x000000b34ec00000,0x000000b34ed00000] [id=32632]
  0x000002ae2fbdb800 GCTaskThread "GC Thread#7" [stack: 0x000000b34ed00000,0x000000b34ee00000] [id=20752]
  0x000002ae2fbdc800 GCTaskThread "GC Thread#8" [stack: 0x000000b34ee00000,0x000000b34ef00000] [id=40712]
  0x000002ae2fbdd000 GCTaskThread "GC Thread#9" [stack: 0x000000b34ef00000,0x000000b34f000000] [id=44964]
  0x000002ae2fbdd800 GCTaskThread "GC Thread#10" [stack: 0x000000b34f000000,0x000000b34f100000] [id=40104]
  0x000002ae2fbf2000 GCTaskThread "GC Thread#11" [stack: 0x000000b34f100000,0x000000b34f200000] [id=28892]
  0x000002ae352f6000 GCTaskThread "GC Thread#12" [stack: 0x000000b34dc00000,0x000000b34dd00000] [id=41068]
  0x000002ae7a3df000 ConcurrentGCThread "G1 Main Marker" [stack: 0x000000b34cd00000,0x000000b34ce00000] [id=15660]
  0x000002ae7a3e1000 ConcurrentGCThread "G1 Conc#0" [stack: 0x000000b34ce00000,0x000000b34cf00000] [id=34364]
  0x000002ae313c6800 ConcurrentGCThread "G1 Conc#1" [stack: 0x000000b34f800000,0x000000b34f900000] [id=40008]
  0x000002ae313ce000 ConcurrentGCThread "G1 Conc#2" [stack: 0x000000b34f900000,0x000000b34fa00000] [id=31908]
  0x000002ae2debb800 ConcurrentGCThread "G1 Refine#0" [stack: 0x000000b34cf00000,0x000000b34d000000] [id=30048]
  0x000002ae41d9e000 ConcurrentGCThread "G1 Refine#1" [stack: 0x000000b352000000,0x000000b352100000] [id=4472]
  0x000002ae41da0800 ConcurrentGCThread "G1 Refine#2" [stack: 0x000000b352100000,0x000000b352200000] [id=35320]
  0x000002ae41da1000 ConcurrentGCThread "G1 Refine#3" [stack: 0x000000b352200000,0x000000b352300000] [id=45464]
  0x000002ae37cca800 ConcurrentGCThread "G1 Refine#4" [stack: 0x000000b352800000,0x000000b352900000] [id=34340]
  0x000002ae37cce000 ConcurrentGCThread "G1 Refine#5" [stack: 0x000000b352900000,0x000000b352a00000] [id=27512]
  0x000002ae2dec6000 ConcurrentGCThread "G1 Young RemSet Sampling" [stack: 0x000000b34d000000,0x000000b34d100000] [id=42964]

Threads with active compile tasks:
C2 CompilerThread0   368297 19172       4       com.mycombatlevel.ExamplePlugin$overlay_screen::render (244 bytes)

VM state:not at safepoint (normal execution)

VM Mutex/Monitor currently owned by a thread: None

Heap address: 0x000000060a000000, size: 8032 MB, Compressed Oops mode: Zero based, Oop shift amount: 3
Narrow klass base: 0x0000000800000000, Narrow klass shift: 3
Compressed class space size: 1073741824 Address: 0x0000000840000000

Heap:
 garbage-first heap   total 618496K, used 430889K [0x000000060a000000, 0x0000000800000000)
  region size 2048K, 85 young (174080K), 1 survivors (2048K)
 Metaspace       used 94621K, capacity 98438K, committed 98680K, reserved 1136640K
  class space    used 9292K, capacity 10833K, committed 10880K, reserved 1048576K
Heap Regions: E=young(eden), S=young(survivor), O=old, HS=humongous(starts), HC=humongous(continues), CS=collection set, F=free, A=archive, TAMS=top-at-mark-start (previous, next)
|   0|0x000000060a000000, 0x000000060a200000, 0x000000060a200000|100%| O|  |TAMS 0x000000060a200000, 0x000000060a000000| Untracked 
|   1|0x000000060a200000, 0x000000060a400000, 0x000000060a400000|100%| O|  |TAMS 0x000000060a400000, 0x000000060a200000| Untracked 
|   2|0x000000060a400000, 0x000000060a600000, 0x000000060a600000|100%| O|  |TAMS 0x000000060a600000, 0x000000060a400000| Untracked 
|   3|0x000000060a600000, 0x000000060a800000, 0x000000060a800000|100%| O|  |TAMS 0x000000060a800000, 0x000000060a600000| Untracked 
|   4|0x000000060a800000, 0x000000060aa00000, 0x000000060aa00000|100%| O|  |TAMS 0x000000060aa00000, 0x000000060a800000| Untracked 
|   5|0x000000060aa00000, 0x000000060ac00000, 0x000000060ac00000|100%| O|  |TAMS 0x000000060ac00000, 0x000000060aa00000| Untracked 
|   6|0x000000060ac00000, 0x000000060ae00000, 0x000000060ae00000|100%| O|  |TAMS 0x000000060ae00000, 0x000000060ac00000| Untracked 
|   7|0x000000060ae00000, 0x000000060b000000, 0x000000060b000000|100%| O|  |TAMS 0x000000060b000000, 0x000000060ae00000| Untracked 
|   8|0x000000060b000000, 0x000000060b200000, 0x000000060b200000|100%|HS|  |TAMS 0x000000060b000000, 0x000000060b000000| Complete 
|   9|0x000000060b200000, 0x000000060b400000, 0x000000060b400000|100%| O|  |TAMS 0x000000060b200000, 0x000000060b200000| Untracked 
|  10|0x000000060b400000, 0x000000060b600000, 0x000000060b600000|100%| O|  |TAMS 0x000000060b600000, 0x000000060b400000| Untracked 
|  11|0x000000060b600000, 0x000000060b800000, 0x000000060b800000|100%| O|  |TAMS 0x000000060b800000, 0x000000060b600000| Untracked 
|  12|0x000000060b800000, 0x000000060ba00000, 0x000000060ba00000|100%| O|  |TAMS 0x000000060ba00000, 0x000000060b800000| Untracked 
|  13|0x000000060ba00000, 0x000000060bc00000, 0x000000060bc00000|100%| O|  |TAMS 0x000000060bc00000, 0x000000060ba00000| Untracked 
|  14|0x000000060bc00000, 0x000000060be00000, 0x000000060be00000|100%|HS|  |TAMS 0x000000060be00000, 0x000000060bc00000| Complete 
|  15|0x000000060be00000, 0x000000060c000000, 0x000000060c000000|100%|HS|  |TAMS 0x000000060c000000, 0x000000060be00000| Complete 
|  16|0x000000060c000000, 0x000000060c200000, 0x000000060c200000|100%| O|  |TAMS 0x000000060c200000, 0x000000060c000000| Untracked 
|  17|0x000000060c200000, 0x000000060c400000, 0x000000060c400000|100%| O|  |TAMS 0x000000060c400000, 0x000000060c200000| Untracked 
|  18|0x000000060c400000, 0x000000060c600000, 0x000000060c600000|100%| O|  |TAMS 0x000000060c600000, 0x000000060c400000| Untracked 
|  19|0x000000060c600000, 0x000000060c800000, 0x000000060c800000|100%| O|  |TAMS 0x000000060c800000, 0x000000060c600000| Untracked 
|  20|0x000000060c800000, 0x000000060ca00000, 0x000000060ca00000|100%| O|  |TAMS 0x000000060ca00000, 0x000000060c800000| Untracked 
|  21|0x000000060ca00000, 0x000000060cc00000, 0x000000060cc00000|100%| O|  |TAMS 0x000000060cc00000, 0x000000060ca00000| Untracked 
|  22|0x000000060cc00000, 0x000000060ce00000, 0x000000060ce00000|100%| O|  |TAMS 0x000000060ce00000, 0x000000060cc00000| Untracked 
|  23|0x000000060ce00000, 0x000000060d000000, 0x000000060d000000|100%|HS|  |TAMS 0x000000060ce00000, 0x000000060ce00000| Complete 
|  24|0x000000060d000000, 0x000000060d200000, 0x000000060d200000|100%|HC|  |TAMS 0x000000060d000000, 0x000000060d000000| Complete 
|  25|0x000000060d200000, 0x000000060d400000, 0x000000060d400000|100%|HC|  |TAMS 0x000000060d200000, 0x000000060d200000| Complete 
|  26|0x000000060d400000, 0x000000060d600000, 0x000000060d600000|100%| O|  |TAMS 0x000000060d400000, 0x000000060d400000| Untracked 
|  27|0x000000060d600000, 0x000000060d800000, 0x000000060d800000|100%| O|  |TAMS 0x000000060d600000, 0x000000060d600000| Untracked 
|  28|0x000000060d800000, 0x000000060da00000, 0x000000060da00000|100%| O|  |TAMS 0x000000060da00000, 0x000000060d800000| Untracked 
|  29|0x000000060da00000, 0x000000060dc00000, 0x000000060dc00000|100%| O|  |TAMS 0x000000060dc00000, 0x000000060da00000| Untracked 
|  30|0x000000060dc00000, 0x000000060de00000, 0x000000060de00000|100%| O|  |TAMS 0x000000060de00000, 0x000000060dc00000| Untracked 
|  31|0x000000060de00000, 0x000000060e000000, 0x000000060e000000|100%| O|  |TAMS 0x000000060e000000, 0x000000060de00000| Untracked 
|  32|0x000000060e000000, 0x000000060e200000, 0x000000060e200000|100%| O|  |TAMS 0x000000060e200000, 0x000000060e000000| Untracked 
|  33|0x000000060e200000, 0x000000060e400000, 0x000000060e400000|100%| O|  |TAMS 0x000000060e400000, 0x000000060e200000| Untracked 
|  34|0x000000060e400000, 0x000000060e600000, 0x000000060e600000|100%| O|  |TAMS 0x000000060e600000, 0x000000060e400000| Untracked 
|  35|0x000000060e600000, 0x000000060e800000, 0x000000060e800000|100%| O|  |TAMS 0x000000060e800000, 0x000000060e600000| Untracked 
|  36|0x000000060e800000, 0x000000060ea00000, 0x000000060ea00000|100%| O|  |TAMS 0x000000060e800000, 0x000000060e800000| Untracked 
|  37|0x000000060ea00000, 0x000000060ec00000, 0x000000060ec00000|100%| O|  |TAMS 0x000000060ea00000, 0x000000060ea00000| Untracked 
|  38|0x000000060ec00000, 0x000000060ee00000, 0x000000060ee00000|100%|HS|  |TAMS 0x000000060ec00000, 0x000000060ec00000| Complete 
|  39|0x000000060ee00000, 0x000000060f000000, 0x000000060f000000|100%| O|  |TAMS 0x000000060f000000, 0x000000060ee00000| Untracked 
|  40|0x000000060f000000, 0x000000060f200000, 0x000000060f200000|100%| O|  |TAMS 0x000000060f200000, 0x000000060f000000| Untracked 
|  41|0x000000060f200000, 0x000000060f400000, 0x000000060f400000|100%| O|  |TAMS 0x000000060f400000, 0x000000060f200000| Untracked 
|  42|0x000000060f400000, 0x000000060f600000, 0x000000060f600000|100%| O|  |TAMS 0x000000060f600000, 0x000000060f400000| Untracked 
|  43|0x000000060f600000, 0x000000060f800000, 0x000000060f800000|100%| O|  |TAMS 0x000000060f800000, 0x000000060f600000| Untracked 
|  44|0x000000060f800000, 0x000000060fa00000, 0x000000060fa00000|100%| O|  |TAMS 0x000000060fa00000, 0x000000060f800000| Untracked 
|  45|0x000000060fa00000, 0x000000060fc00000, 0x000000060fc00000|100%| O|  |TAMS 0x000000060fc00000, 0x000000060fa00000| Untracked 
|  46|0x000000060fc00000, 0x000000060fe00000, 0x000000060fe00000|100%| O|  |TAMS 0x000000060fe00000, 0x000000060fc00000| Untracked 
|  47|0x000000060fe00000, 0x0000000610000000, 0x0000000610000000|100%| O|  |TAMS 0x0000000610000000, 0x000000060fe00000| Untracked 
|  48|0x0000000610000000, 0x0000000610200000, 0x0000000610200000|100%| O|  |TAMS 0x0000000610200000, 0x0000000610000000| Untracked 
|  49|0x0000000610200000, 0x0000000610400000, 0x0000000610400000|100%| O|  |TAMS 0x0000000610400000, 0x0000000610200000| Untracked 
|  50|0x0000000610400000, 0x0000000610600000, 0x0000000610600000|100%| O|  |TAMS 0x0000000610492e00, 0x0000000610400000| Untracked 
|  51|0x0000000610600000, 0x0000000610800000, 0x0000000610800000|100%|HS|  |TAMS 0x0000000610600000, 0x0000000610600000| Complete 
|  52|0x0000000610800000, 0x0000000610a00000, 0x0000000610a00000|100%|HC|  |TAMS 0x0000000610800000, 0x0000000610800000| Complete 
|  53|0x0000000610a00000, 0x0000000610c00000, 0x0000000610c00000|100%|HC|  |TAMS 0x0000000610a00000, 0x0000000610a00000| Complete 
|  54|0x0000000610c00000, 0x0000000610e00000, 0x0000000610e00000|100%|HS|  |TAMS 0x0000000610c00000, 0x0000000610c00000| Complete 
|  55|0x0000000610e00000, 0x0000000611000000, 0x0000000611000000|100%|HC|  |TAMS 0x0000000610e00000, 0x0000000610e00000| Complete 
|  56|0x0000000611000000, 0x0000000611200000, 0x0000000611200000|100%|HC|  |TAMS 0x0000000611000000, 0x0000000611000000| Complete 
|  57|0x0000000611200000, 0x0000000611400000, 0x0000000611400000|100%|HC|  |TAMS 0x0000000611200000, 0x0000000611200000| Complete 
|  58|0x0000000611400000, 0x0000000611600000, 0x0000000611600000|100%|HC|  |TAMS 0x0000000611400000, 0x0000000611400000| Complete 
|  59|0x0000000611600000, 0x0000000611800000, 0x0000000611800000|100%|HC|  |TAMS 0x0000000611600000, 0x0000000611600000| Complete 
|  60|0x0000000611800000, 0x0000000611a00000, 0x0000000611a00000|100%|HC|  |TAMS 0x0000000611800000, 0x0000000611800000| Complete 
|  61|0x0000000611a00000, 0x0000000611c00000, 0x0000000611c00000|100%|HC|  |TAMS 0x0000000611a00000, 0x0000000611a00000| Complete 
|  62|0x0000000611c00000, 0x0000000611e00000, 0x0000000611e00000|100%|HS|  |TAMS 0x0000000611c00000, 0x0000000611c00000| Complete 
|  63|0x0000000611e00000, 0x0000000612000000, 0x0000000612000000|100%|HC|  |TAMS 0x0000000611e00000, 0x0000000611e00000| Complete 
|  64|0x0000000612000000, 0x0000000612200000, 0x0000000612200000|100%|HC|  |TAMS 0x0000000612000000, 0x0000000612000000| Complete 
|  65|0x0000000612200000, 0x0000000612400000, 0x0000000612400000|100%|HC|  |TAMS 0x0000000612200000, 0x0000000612200000| Complete 
|  66|0x0000000612400000, 0x0000000612600000, 0x0000000612600000|100%|HC|  |TAMS 0x0000000612400000, 0x0000000612400000| Complete 
|  67|0x0000000612600000, 0x0000000612800000, 0x0000000612800000|100%|HC|  |TAMS 0x0000000612600000, 0x0000000612600000| Complete 
|  68|0x0000000612800000, 0x0000000612a00000, 0x0000000612a00000|100%|HC|  |TAMS 0x0000000612800000, 0x0000000612800000| Complete 
|  69|0x0000000612a00000, 0x0000000612c00000, 0x0000000612c00000|100%|HC|  |TAMS 0x0000000612a00000, 0x0000000612a00000| Complete 
|  70|0x0000000612c00000, 0x0000000612e00000, 0x0000000612e00000|100%|HC|  |TAMS 0x0000000612c00000, 0x0000000612c00000| Complete 
|  71|0x0000000612e00000, 0x0000000613000000, 0x0000000613000000|100%|HC|  |TAMS 0x0000000612e00000, 0x0000000612e00000| Complete 
|  72|0x0000000613000000, 0x0000000613200000, 0x0000000613200000|100%| O|  |TAMS 0x0000000613000000, 0x0000000613000000| Untracked 
|  73|0x0000000613200000, 0x0000000613400000, 0x0000000613400000|100%| O|  |TAMS 0x0000000613200000, 0x0000000613200000| Untracked 
|  74|0x0000000613400000, 0x0000000613600000, 0x0000000613600000|100%| O|  |TAMS 0x0000000613400000, 0x0000000613400000| Untracked 
|  75|0x0000000613600000, 0x0000000613800000, 0x0000000613800000|100%| O|  |TAMS 0x0000000613600000, 0x0000000613600000| Untracked 
|  76|0x0000000613800000, 0x0000000613a00000, 0x0000000613a00000|100%| O|  |TAMS 0x0000000613800000, 0x0000000613800000| Untracked 
|  77|0x0000000613a00000, 0x0000000613c00000, 0x0000000613c00000|100%| O|  |TAMS 0x0000000613a00000, 0x0000000613a00000| Untracked 
|  78|0x0000000613c00000, 0x0000000613e00000, 0x0000000613e00000|100%|HS|  |TAMS 0x0000000613c00000, 0x0000000613c00000| Complete 
|  79|0x0000000613e00000, 0x0000000614000000, 0x0000000614000000|100%|HS|  |TAMS 0x0000000613e00000, 0x0000000613e00000| Complete 
|  80|0x0000000614000000, 0x0000000614200000, 0x0000000614200000|100%|HS|  |TAMS 0x0000000614000000, 0x0000000614000000| Complete 
|  81|0x0000000614200000, 0x0000000614400000, 0x0000000614400000|100%|HS|  |TAMS 0x0000000614200000, 0x0000000614200000| Complete 
|  82|0x0000000614400000, 0x0000000614600000, 0x0000000614600000|100%|HS|  |TAMS 0x0000000614400000, 0x0000000614400000| Complete 
|  83|0x0000000614600000, 0x0000000614800000, 0x0000000614800000|100%|HS|  |TAMS 0x0000000614600000, 0x0000000614600000| Complete 
|  84|0x0000000614800000, 0x0000000614a00000, 0x0000000614a00000|100%|HS|  |TAMS 0x0000000614800000, 0x0000000614800000| Complete 
|  85|0x0000000614a00000, 0x0000000614c00000, 0x0000000614c00000|100%|HS|  |TAMS 0x0000000614a00000, 0x0000000614a00000| Complete 
|  86|0x0000000614c00000, 0x0000000614e00000, 0x0000000614e00000|100%|HC|  |TAMS 0x0000000614c00000, 0x0000000614c00000| Complete 
|  87|0x0000000614e00000, 0x0000000615000000, 0x0000000615000000|100%|HC|  |TAMS 0x0000000614e00000, 0x0000000614e00000| Complete 
|  88|0x0000000615000000, 0x0000000615200000, 0x0000000615200000|100%|HS|  |TAMS 0x0000000615000000, 0x0000000615000000| Complete 
|  89|0x0000000615200000, 0x0000000615400000, 0x0000000615400000|100%|HS|  |TAMS 0x0000000615200000, 0x0000000615200000| Complete 
|  90|0x0000000615400000, 0x0000000615600000, 0x0000000615600000|100%|HC|  |TAMS 0x0000000615400000, 0x0000000615400000| Complete 
|  91|0x0000000615600000, 0x0000000615800000, 0x0000000615800000|100%|HS|  |TAMS 0x0000000615600000, 0x0000000615600000| Complete 
|  92|0x0000000615800000, 0x0000000615a00000, 0x0000000615a00000|100%|HC|  |TAMS 0x0000000615800000, 0x0000000615800000| Complete 
|  93|0x0000000615a00000, 0x0000000615c00000, 0x0000000615c00000|100%| O|  |TAMS 0x0000000615a00000, 0x0000000615a00000| Untracked 
|  94|0x0000000615c00000, 0x0000000615e00000, 0x0000000615e00000|100%| O|  |TAMS 0x0000000615c00000, 0x0000000615c00000| Untracked 
|  95|0x0000000615e00000, 0x0000000616000000, 0x0000000616000000|100%| O|  |TAMS 0x0000000615e00000, 0x0000000615e00000| Untracked 
|  96|0x0000000616000000, 0x0000000616200000, 0x0000000616200000|100%| O|  |TAMS 0x0000000616000000, 0x0000000616000000| Untracked 
|  97|0x0000000616200000, 0x0000000616400000, 0x0000000616400000|100%| O|  |TAMS 0x0000000616200000, 0x0000000616200000| Untracked 
|  98|0x0000000616400000, 0x0000000616600000, 0x0000000616600000|100%| O|  |TAMS 0x0000000616400000, 0x0000000616400000| Untracked 
|  99|0x0000000616600000, 0x0000000616800000, 0x0000000616800000|100%| O|  |TAMS 0x0000000616600000, 0x0000000616600000| Untracked 
| 100|0x0000000616800000, 0x0000000616a00000, 0x0000000616a00000|100%| O|  |TAMS 0x0000000616800000, 0x0000000616800000| Untracked 
| 101|0x0000000616a00000, 0x0000000616c00000, 0x0000000616c00000|100%| O|  |TAMS 0x0000000616a00000, 0x0000000616a00000| Untracked 
| 102|0x0000000616c00000, 0x0000000616e00000, 0x0000000616e00000|100%| O|  |TAMS 0x0000000616c00000, 0x0000000616c00000| Untracked 
| 103|0x0000000616e00000, 0x0000000617000000, 0x0000000617000000|100%| O|  |TAMS 0x0000000616e00000, 0x0000000616e00000| Untracked 
| 104|0x0000000617000000, 0x0000000617200000, 0x0000000617200000|100%| O|  |TAMS 0x0000000617000000, 0x0000000617000000| Untracked 
| 105|0x0000000617200000, 0x0000000617400000, 0x0000000617400000|100%| O|  |TAMS 0x0000000617200000, 0x0000000617200000| Untracked 
| 106|0x0000000617400000, 0x0000000617600000, 0x0000000617600000|100%| O|  |TAMS 0x0000000617400000, 0x0000000617400000| Untracked 
| 107|0x0000000617600000, 0x0000000617800000, 0x0000000617800000|100%| O|  |TAMS 0x0000000617600000, 0x0000000617600000| Untracked 
| 108|0x0000000617800000, 0x0000000617a00000, 0x0000000617a00000|100%| O|  |TAMS 0x0000000617800000, 0x0000000617800000| Untracked 
| 109|0x0000000617a00000, 0x0000000617c00000, 0x0000000617c00000|100%| O|  |TAMS 0x0000000617a00000, 0x0000000617a00000| Untracked 
| 110|0x0000000617c00000, 0x0000000617e00000, 0x0000000617e00000|100%| O|  |TAMS 0x0000000617c00000, 0x0000000617c00000| Untracked 
| 111|0x0000000617e00000, 0x0000000618000000, 0x0000000618000000|100%| O|  |TAMS 0x0000000617e00000, 0x0000000617e00000| Untracked 
| 112|0x0000000618000000, 0x0000000618200000, 0x0000000618200000|100%| O|  |TAMS 0x0000000618000000, 0x0000000618000000| Untracked 
| 113|0x0000000618200000, 0x0000000618400000, 0x0000000618400000|100%| O|  |TAMS 0x0000000618200000, 0x0000000618200000| Untracked 
| 114|0x0000000618400000, 0x0000000618600000, 0x0000000618600000|100%| O|  |TAMS 0x0000000618400000, 0x0000000618400000| Untracked 
| 115|0x0000000618600000, 0x0000000618800000, 0x0000000618800000|100%| O|  |TAMS 0x0000000618600000, 0x0000000618600000| Untracked 
| 116|0x0000000618800000, 0x0000000618a00000, 0x0000000618a00000|100%| O|  |TAMS 0x0000000618800000, 0x0000000618800000| Untracked 
| 117|0x0000000618a00000, 0x0000000618c00000, 0x0000000618c00000|100%| O|  |TAMS 0x0000000618a00000, 0x0000000618a00000| Untracked 
| 118|0x0000000618c00000, 0x0000000618e00000, 0x0000000618e00000|100%| O|  |TAMS 0x0000000618c00000, 0x0000000618c00000| Untracked 
| 119|0x0000000618e00000, 0x0000000619000000, 0x0000000619000000|100%| O|  |TAMS 0x0000000618e00000, 0x0000000618e00000| Untracked 
| 120|0x0000000619000000, 0x0000000619200000, 0x0000000619200000|100%| O|  |TAMS 0x0000000619000000, 0x0000000619000000| Untracked 
| 121|0x0000000619200000, 0x0000000619400000, 0x0000000619400000|100%| O|  |TAMS 0x0000000619200000, 0x0000000619200000| Untracked 
| 122|0x0000000619400000, 0x0000000619600000, 0x0000000619600000|100%| O|  |TAMS 0x0000000619400000, 0x0000000619400000| Untracked 
| 123|0x0000000619600000, 0x0000000619800000, 0x0000000619800000|100%| O|  |TAMS 0x0000000619600000, 0x0000000619600000| Untracked 
| 124|0x0000000619800000, 0x0000000619a00000, 0x0000000619a00000|100%| O|  |TAMS 0x0000000619800000, 0x0000000619800000| Untracked 
| 125|0x0000000619a00000, 0x0000000619c00000, 0x0000000619c00000|100%| O|  |TAMS 0x0000000619a00000, 0x0000000619a00000| Untracked 
| 126|0x0000000619c00000, 0x0000000619d53c00, 0x0000000619e00000| 66%| O|  |TAMS 0x0000000619c00000, 0x0000000619c00000| Untracked 
| 127|0x0000000619e00000, 0x0000000619e00000, 0x000000061a000000|  0%| F|  |TAMS 0x0000000619e00000, 0x0000000619e00000| Untracked 
| 128|0x000000061a000000, 0x000000061a000000, 0x000000061a200000|  0%| F|  |TAMS 0x000000061a000000, 0x000000061a000000| Untracked 
| 129|0x000000061a200000, 0x000000061a200000, 0x000000061a400000|  0%| F|  |TAMS 0x000000061a200000, 0x000000061a200000| Untracked 
| 130|0x000000061a400000, 0x000000061a400000, 0x000000061a600000|  0%| F|  |TAMS 0x000000061a400000, 0x000000061a400000| Untracked 
| 131|0x000000061a600000, 0x000000061a600000, 0x000000061a800000|  0%| F|  |TAMS 0x000000061a600000, 0x000000061a600000| Untracked 
| 132|0x000000061a800000, 0x000000061a800000, 0x000000061aa00000|  0%| F|  |TAMS 0x000000061a800000, 0x000000061a800000| Untracked 
| 133|0x000000061aa00000, 0x000000061aa00000, 0x000000061ac00000|  0%| F|  |TAMS 0x000000061aa00000, 0x000000061aa00000| Untracked 
| 134|0x000000061ac00000, 0x000000061ac00000, 0x000000061ae00000|  0%| F|  |TAMS 0x000000061ac00000, 0x000000061ac00000| Untracked 
| 135|0x000000061ae00000, 0x000000061ae00000, 0x000000061b000000|  0%| F|  |TAMS 0x000000061ae00000, 0x000000061ae00000| Untracked 
| 136|0x000000061b000000, 0x000000061b000000, 0x000000061b200000|  0%| F|  |TAMS 0x000000061b000000, 0x000000061b000000| Untracked 
| 137|0x000000061b200000, 0x000000061b200000, 0x000000061b400000|  0%| F|  |TAMS 0x000000061b200000, 0x000000061b200000| Untracked 
| 138|0x000000061b400000, 0x000000061b400000, 0x000000061b600000|  0%| F|  |TAMS 0x000000061b400000, 0x000000061b400000| Untracked 
| 139|0x000000061b600000, 0x000000061b600000, 0x000000061b800000|  0%| F|  |TAMS 0x000000061b600000, 0x000000061b600000| Untracked 
| 140|0x000000061b800000, 0x000000061b800000, 0x000000061ba00000|  0%| F|  |TAMS 0x000000061b800000, 0x000000061b800000| Untracked 
| 141|0x000000061ba00000, 0x000000061ba00000, 0x000000061bc00000|  0%| F|  |TAMS 0x000000061ba00000, 0x000000061ba00000| Untracked 
| 142|0x000000061bc00000, 0x000000061bc00000, 0x000000061be00000|  0%| F|  |TAMS 0x000000061bc00000, 0x000000061bc00000| Untracked 
| 143|0x000000061be00000, 0x000000061be00000, 0x000000061c000000|  0%| F|  |TAMS 0x000000061be00000, 0x000000061be00000| Untracked 
| 144|0x000000061c000000, 0x000000061c000000, 0x000000061c200000|  0%| F|  |TAMS 0x000000061c000000, 0x000000061c000000| Untracked 
| 145|0x000000061c200000, 0x000000061c200000, 0x000000061c400000|  0%| F|  |TAMS 0x000000061c200000, 0x000000061c200000| Untracked 
| 146|0x000000061c400000, 0x000000061c400000, 0x000000061c600000|  0%| F|  |TAMS 0x000000061c400000, 0x000000061c400000| Untracked 
| 147|0x000000061c600000, 0x000000061c600000, 0x000000061c800000|  0%| F|  |TAMS 0x000000061c600000, 0x000000061c600000| Untracked 
| 148|0x000000061c800000, 0x000000061c800000, 0x000000061ca00000|  0%| F|  |TAMS 0x000000061c800000, 0x000000061c800000| Untracked 
| 149|0x000000061ca00000, 0x000000061ca00000, 0x000000061cc00000|  0%| F|  |TAMS 0x000000061ca00000, 0x000000061ca00000| Untracked 
| 150|0x000000061cc00000, 0x000000061cc00000, 0x000000061ce00000|  0%| F|  |TAMS 0x000000061cc00000, 0x000000061cc00000| Untracked 
| 151|0x000000061ce00000, 0x000000061ce00000, 0x000000061d000000|  0%| F|  |TAMS 0x000000061ce00000, 0x000000061ce00000| Untracked 
| 152|0x000000061d000000, 0x000000061d000000, 0x000000061d200000|  0%| F|  |TAMS 0x000000061d000000, 0x000000061d000000| Untracked 
| 153|0x000000061d200000, 0x000000061d200000, 0x000000061d400000|  0%| F|  |TAMS 0x000000061d200000, 0x000000061d200000| Untracked 
| 154|0x000000061d400000, 0x000000061d400000, 0x000000061d600000|  0%| F|  |TAMS 0x000000061d400000, 0x000000061d400000| Untracked 
| 155|0x000000061d600000, 0x000000061d600000, 0x000000061d800000|  0%| F|  |TAMS 0x000000061d600000, 0x000000061d600000| Untracked 
| 156|0x000000061d800000, 0x000000061d800000, 0x000000061da00000|  0%| F|  |TAMS 0x000000061d800000, 0x000000061d800000| Untracked 
| 157|0x000000061da00000, 0x000000061da00000, 0x000000061dc00000|  0%| F|  |TAMS 0x000000061da00000, 0x000000061da00000| Untracked 
| 158|0x000000061dc00000, 0x000000061dc00000, 0x000000061de00000|  0%| F|  |TAMS 0x000000061dc00000, 0x000000061dc00000| Untracked 
| 159|0x000000061de00000, 0x000000061de00000, 0x000000061e000000|  0%| F|  |TAMS 0x000000061de00000, 0x000000061de00000| Untracked 
| 160|0x000000061e000000, 0x000000061e000000, 0x000000061e200000|  0%| F|  |TAMS 0x000000061e000000, 0x000000061e000000| Untracked 
| 161|0x000000061e200000, 0x000000061e200000, 0x000000061e400000|  0%| F|  |TAMS 0x000000061e200000, 0x000000061e200000| Untracked 
| 162|0x000000061e400000, 0x000000061e576b48, 0x000000061e600000| 73%| S|CS|TAMS 0x000000061e400000, 0x000000061e400000| Complete 
| 163|0x000000061e600000, 0x000000061e600000, 0x000000061e800000|  0%| F|  |TAMS 0x000000061e600000, 0x000000061e600000| Untracked 
| 164|0x000000061e800000, 0x000000061e800000, 0x000000061ea00000|  0%| F|  |TAMS 0x000000061e800000, 0x000000061e800000| Untracked 
| 165|0x000000061ea00000, 0x000000061ea00000, 0x000000061ec00000|  0%| F|  |TAMS 0x000000061ea00000, 0x000000061ea00000| Untracked 
| 166|0x000000061ec00000, 0x000000061ec00000, 0x000000061ee00000|  0%| F|  |TAMS 0x000000061ec00000, 0x000000061ec00000| Untracked 
| 167|0x000000061ee00000, 0x000000061ee00000, 0x000000061f000000|  0%| F|  |TAMS 0x000000061ee00000, 0x000000061ee00000| Untracked 
| 168|0x000000061f000000, 0x000000061f000000, 0x000000061f200000|  0%| F|  |TAMS 0x000000061f000000, 0x000000061f000000| Untracked 
| 169|0x000000061f200000, 0x000000061f200000, 0x000000061f400000|  0%| F|  |TAMS 0x000000061f200000, 0x000000061f200000| Untracked 
| 170|0x000000061f400000, 0x000000061f400000, 0x000000061f600000|  0%| F|  |TAMS 0x000000061f400000, 0x000000061f400000| Untracked 
| 171|0x000000061f600000, 0x000000061f600000, 0x000000061f800000|  0%| F|  |TAMS 0x000000061f600000, 0x000000061f600000| Untracked 
| 172|0x000000061f800000, 0x000000061f800000, 0x000000061fa00000|  0%| F|  |TAMS 0x000000061f800000, 0x000000061f800000| Untracked 
| 173|0x000000061fa00000, 0x000000061fa00000, 0x000000061fc00000|  0%| F|  |TAMS 0x000000061fa00000, 0x000000061fa00000| Untracked 
| 174|0x000000061fc00000, 0x000000061fc00000, 0x000000061fe00000|  0%| F|  |TAMS 0x000000061fc00000, 0x000000061fc00000| Untracked 
| 175|0x000000061fe00000, 0x000000061fe00000, 0x0000000620000000|  0%| F|  |TAMS 0x000000061fe00000, 0x000000061fe00000| Untracked 
| 176|0x0000000620000000, 0x0000000620000000, 0x0000000620200000|  0%| F|  |TAMS 0x0000000620000000, 0x0000000620000000| Untracked 
| 177|0x0000000620200000, 0x0000000620200000, 0x0000000620400000|  0%| F|  |TAMS 0x0000000620200000, 0x0000000620200000| Untracked 
| 178|0x0000000620400000, 0x0000000620400000, 0x0000000620600000|  0%| F|  |TAMS 0x0000000620400000, 0x0000000620400000| Untracked 
| 179|0x0000000620600000, 0x0000000620600000, 0x0000000620800000|  0%| F|  |TAMS 0x0000000620600000, 0x0000000620600000| Untracked 
| 180|0x0000000620800000, 0x0000000620800000, 0x0000000620a00000|  0%| F|  |TAMS 0x0000000620800000, 0x0000000620800000| Untracked 
| 181|0x0000000620a00000, 0x0000000620a00000, 0x0000000620c00000|  0%| F|  |TAMS 0x0000000620a00000, 0x0000000620a00000| Untracked 
| 182|0x0000000620c00000, 0x0000000620c00000, 0x0000000620e00000|  0%| F|  |TAMS 0x0000000620c00000, 0x0000000620c00000| Untracked 
| 183|0x0000000620e00000, 0x0000000620e00000, 0x0000000621000000|  0%| F|  |TAMS 0x0000000620e00000, 0x0000000620e00000| Untracked 
| 184|0x0000000621000000, 0x0000000621000000, 0x0000000621200000|  0%| F|  |TAMS 0x0000000621000000, 0x0000000621000000| Untracked 
| 185|0x0000000621200000, 0x0000000621200000, 0x0000000621400000|  0%| F|  |TAMS 0x0000000621200000, 0x0000000621200000| Untracked 
| 186|0x0000000621400000, 0x0000000621400000, 0x0000000621600000|  0%| F|  |TAMS 0x0000000621400000, 0x0000000621400000| Untracked 
| 187|0x0000000621600000, 0x0000000621600000, 0x0000000621800000|  0%| F|  |TAMS 0x0000000621600000, 0x0000000621600000| Untracked 
| 188|0x0000000621800000, 0x0000000621800000, 0x0000000621a00000|  0%| F|  |TAMS 0x0000000621800000, 0x0000000621800000| Untracked 
| 189|0x0000000621a00000, 0x0000000621a00000, 0x0000000621c00000|  0%| F|  |TAMS 0x0000000621a00000, 0x0000000621a00000| Untracked 
| 190|0x0000000621c00000, 0x0000000621c00000, 0x0000000621e00000|  0%| F|  |TAMS 0x0000000621c00000, 0x0000000621c00000| Untracked 
| 191|0x0000000621e00000, 0x0000000621e00000, 0x0000000622000000|  0%| F|  |TAMS 0x0000000621e00000, 0x0000000621e00000| Untracked 
| 192|0x0000000622000000, 0x0000000622000000, 0x0000000622200000|  0%| F|  |TAMS 0x0000000622000000, 0x0000000622000000| Untracked 
| 193|0x0000000622200000, 0x0000000622200000, 0x0000000622400000|  0%| F|  |TAMS 0x0000000622200000, 0x0000000622200000| Untracked 
| 194|0x0000000622400000, 0x0000000622400000, 0x0000000622600000|  0%| F|  |TAMS 0x0000000622400000, 0x0000000622400000| Untracked 
| 195|0x0000000622600000, 0x0000000622600000, 0x0000000622800000|  0%| F|  |TAMS 0x0000000622600000, 0x0000000622600000| Untracked 
| 196|0x0000000622800000, 0x0000000622800000, 0x0000000622a00000|  0%| F|  |TAMS 0x0000000622800000, 0x0000000622800000| Untracked 
| 197|0x0000000622a00000, 0x0000000622a00000, 0x0000000622c00000|  0%| F|  |TAMS 0x0000000622a00000, 0x0000000622a00000| Untracked 
| 198|0x0000000622c00000, 0x0000000622c00000, 0x0000000622e00000|  0%| F|  |TAMS 0x0000000622c00000, 0x0000000622c00000| Untracked 
| 199|0x0000000622e00000, 0x0000000622e00000, 0x0000000623000000|  0%| F|  |TAMS 0x0000000622e00000, 0x0000000622e00000| Untracked 
| 200|0x0000000623000000, 0x0000000623000000, 0x0000000623200000|  0%| F|  |TAMS 0x0000000623000000, 0x0000000623000000| Untracked 
| 201|0x0000000623200000, 0x0000000623200000, 0x0000000623400000|  0%| F|  |TAMS 0x0000000623200000, 0x0000000623200000| Untracked 
| 202|0x0000000623400000, 0x0000000623400000, 0x0000000623600000|  0%| F|  |TAMS 0x0000000623400000, 0x0000000623400000| Untracked 
| 203|0x0000000623600000, 0x0000000623600000, 0x0000000623800000|  0%| F|  |TAMS 0x0000000623600000, 0x0000000623600000| Untracked 
| 204|0x0000000623800000, 0x0000000623800000, 0x0000000623a00000|  0%| F|  |TAMS 0x0000000623800000, 0x0000000623800000| Untracked 
| 205|0x0000000623a00000, 0x0000000623a00000, 0x0000000623c00000|  0%| F|  |TAMS 0x0000000623a00000, 0x0000000623a00000| Untracked 
| 206|0x0000000623c00000, 0x0000000623c00000, 0x0000000623e00000|  0%| F|  |TAMS 0x0000000623c00000, 0x0000000623c00000| Untracked 
| 207|0x0000000623e00000, 0x0000000623e00000, 0x0000000624000000|  0%| F|  |TAMS 0x0000000623e00000, 0x0000000623e00000| Untracked 
| 208|0x0000000624000000, 0x0000000624000000, 0x0000000624200000|  0%| F|  |TAMS 0x0000000624000000, 0x0000000624000000| Untracked 
| 209|0x0000000624200000, 0x0000000624200000, 0x0000000624400000|  0%| F|  |TAMS 0x0000000624200000, 0x0000000624200000| Untracked 
| 210|0x0000000624400000, 0x0000000624400000, 0x0000000624600000|  0%| F|  |TAMS 0x0000000624400000, 0x0000000624400000| Untracked 
| 211|0x0000000624600000, 0x0000000624600000, 0x0000000624800000|  0%| F|  |TAMS 0x0000000624600000, 0x0000000624600000| Untracked 
| 212|0x0000000624800000, 0x0000000624800000, 0x0000000624a00000|  0%| F|  |TAMS 0x0000000624800000, 0x0000000624800000| Untracked 
| 213|0x0000000624a00000, 0x0000000624a00000, 0x0000000624c00000|  0%| F|  |TAMS 0x0000000624a00000, 0x0000000624a00000| Untracked 
| 214|0x0000000624c00000, 0x0000000624c00000, 0x0000000624e00000|  0%| F|  |TAMS 0x0000000624c00000, 0x0000000624c00000| Untracked 
| 215|0x0000000624e00000, 0x0000000624e00000, 0x0000000625000000|  0%| F|  |TAMS 0x0000000624e00000, 0x0000000624e00000| Untracked 
| 216|0x0000000625000000, 0x0000000625000000, 0x0000000625200000|  0%| F|  |TAMS 0x0000000625000000, 0x0000000625000000| Untracked 
| 217|0x0000000625200000, 0x0000000625200000, 0x0000000625400000|  0%| F|  |TAMS 0x0000000625200000, 0x0000000625200000| Untracked 
| 218|0x0000000625400000, 0x0000000625600000, 0x0000000625600000|100%| E|  |TAMS 0x0000000625400000, 0x0000000625400000| Complete 
| 219|0x0000000625600000, 0x0000000625800000, 0x0000000625800000|100%| E|CS|TAMS 0x0000000625600000, 0x0000000625600000| Complete 
| 220|0x0000000625800000, 0x0000000625a00000, 0x0000000625a00000|100%| E|CS|TAMS 0x0000000625800000, 0x0000000625800000| Complete 
| 221|0x0000000625a00000, 0x0000000625c00000, 0x0000000625c00000|100%| E|CS|TAMS 0x0000000625a00000, 0x0000000625a00000| Complete 
| 222|0x0000000625c00000, 0x0000000625e00000, 0x0000000625e00000|100%| E|CS|TAMS 0x0000000625c00000, 0x0000000625c00000| Complete 
| 223|0x0000000625e00000, 0x0000000626000000, 0x0000000626000000|100%| E|CS|TAMS 0x0000000625e00000, 0x0000000625e00000| Complete 
| 224|0x0000000626000000, 0x0000000626200000, 0x0000000626200000|100%| E|CS|TAMS 0x0000000626000000, 0x0000000626000000| Complete 
| 225|0x0000000626200000, 0x0000000626400000, 0x0000000626400000|100%| E|CS|TAMS 0x0000000626200000, 0x0000000626200000| Complete 
| 226|0x0000000626400000, 0x0000000626600000, 0x0000000626600000|100%| E|CS|TAMS 0x0000000626400000, 0x0000000626400000| Complete 
| 227|0x0000000626600000, 0x0000000626800000, 0x0000000626800000|100%| E|CS|TAMS 0x0000000626600000, 0x0000000626600000| Complete 
| 228|0x0000000626800000, 0x0000000626a00000, 0x0000000626a00000|100%| E|CS|TAMS 0x0000000626800000, 0x0000000626800000| Complete 
| 229|0x0000000626a00000, 0x0000000626c00000, 0x0000000626c00000|100%| E|CS|TAMS 0x0000000626a00000, 0x0000000626a00000| Complete 
| 230|0x0000000626c00000, 0x0000000626e00000, 0x0000000626e00000|100%| E|CS|TAMS 0x0000000626c00000, 0x0000000626c00000| Complete 
| 231|0x0000000626e00000, 0x0000000627000000, 0x0000000627000000|100%| E|CS|TAMS 0x0000000626e00000, 0x0000000626e00000| Complete 
| 232|0x0000000627000000, 0x0000000627200000, 0x0000000627200000|100%| E|CS|TAMS 0x0000000627000000, 0x0000000627000000| Complete 
| 233|0x0000000627200000, 0x0000000627400000, 0x0000000627400000|100%| E|CS|TAMS 0x0000000627200000, 0x0000000627200000| Complete 
| 234|0x0000000627400000, 0x0000000627600000, 0x0000000627600000|100%| E|CS|TAMS 0x0000000627400000, 0x0000000627400000| Complete 
| 235|0x0000000627600000, 0x0000000627800000, 0x0000000627800000|100%| E|CS|TAMS 0x0000000627600000, 0x0000000627600000| Complete 
| 236|0x0000000627800000, 0x0000000627a00000, 0x0000000627a00000|100%| E|CS|TAMS 0x0000000627800000, 0x0000000627800000| Complete 
| 237|0x0000000627a00000, 0x0000000627c00000, 0x0000000627c00000|100%| E|CS|TAMS 0x0000000627a00000, 0x0000000627a00000| Complete 
| 238|0x0000000627c00000, 0x0000000627e00000, 0x0000000627e00000|100%| E|CS|TAMS 0x0000000627c00000, 0x0000000627c00000| Complete 
| 239|0x0000000627e00000, 0x0000000628000000, 0x0000000628000000|100%| E|CS|TAMS 0x0000000627e00000, 0x0000000627e00000| Complete 
| 240|0x0000000628000000, 0x0000000628200000, 0x0000000628200000|100%| E|CS|TAMS 0x0000000628000000, 0x0000000628000000| Complete 
| 241|0x0000000628200000, 0x0000000628400000, 0x0000000628400000|100%| E|CS|TAMS 0x0000000628200000, 0x0000000628200000| Complete 
| 242|0x0000000628400000, 0x0000000628600000, 0x0000000628600000|100%| E|CS|TAMS 0x0000000628400000, 0x0000000628400000| Complete 
| 243|0x0000000628600000, 0x0000000628800000, 0x0000000628800000|100%| E|CS|TAMS 0x0000000628600000, 0x0000000628600000| Complete 
| 244|0x0000000628800000, 0x0000000628a00000, 0x0000000628a00000|100%| E|CS|TAMS 0x0000000628800000, 0x0000000628800000| Complete 
| 245|0x0000000628a00000, 0x0000000628c00000, 0x0000000628c00000|100%| E|CS|TAMS 0x0000000628a00000, 0x0000000628a00000| Complete 
| 246|0x0000000628c00000, 0x0000000628e00000, 0x0000000628e00000|100%| E|CS|TAMS 0x0000000628c00000, 0x0000000628c00000| Complete 
| 247|0x0000000628e00000, 0x0000000629000000, 0x0000000629000000|100%| E|CS|TAMS 0x0000000628e00000, 0x0000000628e00000| Complete 
| 248|0x0000000629000000, 0x0000000629200000, 0x0000000629200000|100%| E|CS|TAMS 0x0000000629000000, 0x0000000629000000| Complete 
| 249|0x0000000629200000, 0x0000000629400000, 0x0000000629400000|100%| E|CS|TAMS 0x0000000629200000, 0x0000000629200000| Complete 
| 250|0x0000000629400000, 0x0000000629600000, 0x0000000629600000|100%| E|CS|TAMS 0x0000000629400000, 0x0000000629400000| Complete 
| 251|0x0000000629600000, 0x0000000629800000, 0x0000000629800000|100%| E|CS|TAMS 0x0000000629600000, 0x0000000629600000| Complete 
| 252|0x0000000629800000, 0x0000000629a00000, 0x0000000629a00000|100%| E|CS|TAMS 0x0000000629800000, 0x0000000629800000| Complete 
| 253|0x0000000629a00000, 0x0000000629c00000, 0x0000000629c00000|100%| E|CS|TAMS 0x0000000629a00000, 0x0000000629a00000| Complete 
| 254|0x0000000629c00000, 0x0000000629e00000, 0x0000000629e00000|100%| E|CS|TAMS 0x0000000629c00000, 0x0000000629c00000| Complete 
| 255|0x0000000629e00000, 0x000000062a000000, 0x000000062a000000|100%| E|CS|TAMS 0x0000000629e00000, 0x0000000629e00000| Complete 
| 256|0x000000062a000000, 0x000000062a200000, 0x000000062a200000|100%| E|CS|TAMS 0x000000062a000000, 0x000000062a000000| Complete 
| 257|0x000000062a200000, 0x000000062a400000, 0x000000062a400000|100%| E|CS|TAMS 0x000000062a200000, 0x000000062a200000| Complete 
| 258|0x000000062a400000, 0x000000062a600000, 0x000000062a600000|100%| E|CS|TAMS 0x000000062a400000, 0x000000062a400000| Complete 
| 259|0x000000062a600000, 0x000000062a800000, 0x000000062a800000|100%| E|CS|TAMS 0x000000062a600000, 0x000000062a600000| Complete 
| 260|0x000000062a800000, 0x000000062aa00000, 0x000000062aa00000|100%| E|CS|TAMS 0x000000062a800000, 0x000000062a800000| Complete 
| 261|0x000000062aa00000, 0x000000062ac00000, 0x000000062ac00000|100%| E|CS|TAMS 0x000000062aa00000, 0x000000062aa00000| Complete 
| 262|0x000000062ac00000, 0x000000062ae00000, 0x000000062ae00000|100%| E|CS|TAMS 0x000000062ac00000, 0x000000062ac00000| Complete 
| 263|0x000000062ae00000, 0x000000062b000000, 0x000000062b000000|100%| E|CS|TAMS 0x000000062ae00000, 0x000000062ae00000| Complete 
| 264|0x000000062b000000, 0x000000062b200000, 0x000000062b200000|100%| E|CS|TAMS 0x000000062b000000, 0x000000062b000000| Complete 
| 265|0x000000062b200000, 0x000000062b400000, 0x000000062b400000|100%| E|CS|TAMS 0x000000062b200000, 0x000000062b200000| Complete 
| 266|0x000000062b400000, 0x000000062b600000, 0x000000062b600000|100%| E|CS|TAMS 0x000000062b400000, 0x000000062b400000| Complete 
| 267|0x000000062b600000, 0x000000062b800000, 0x000000062b800000|100%| E|CS|TAMS 0x000000062b600000, 0x000000062b600000| Complete 
| 268|0x000000062b800000, 0x000000062ba00000, 0x000000062ba00000|100%| E|CS|TAMS 0x000000062b800000, 0x000000062b800000| Complete 
| 269|0x000000062ba00000, 0x000000062bc00000, 0x000000062bc00000|100%| E|CS|TAMS 0x000000062ba00000, 0x000000062ba00000| Complete 
| 270|0x000000062bc00000, 0x000000062be00000, 0x000000062be00000|100%| E|CS|TAMS 0x000000062bc00000, 0x000000062bc00000| Complete 
| 271|0x000000062be00000, 0x000000062c000000, 0x000000062c000000|100%| E|CS|TAMS 0x000000062be00000, 0x000000062be00000| Complete 
| 272|0x000000062c000000, 0x000000062c200000, 0x000000062c200000|100%| E|CS|TAMS 0x000000062c000000, 0x000000062c000000| Complete 
| 273|0x000000062c200000, 0x000000062c400000, 0x000000062c400000|100%| E|CS|TAMS 0x000000062c200000, 0x000000062c200000| Complete 
| 274|0x000000062c400000, 0x000000062c600000, 0x000000062c600000|100%| E|CS|TAMS 0x000000062c400000, 0x000000062c400000| Complete 
| 275|0x000000062c600000, 0x000000062c800000, 0x000000062c800000|100%| E|CS|TAMS 0x000000062c600000, 0x000000062c600000| Complete 
| 276|0x000000062c800000, 0x000000062ca00000, 0x000000062ca00000|100%| E|CS|TAMS 0x000000062c800000, 0x000000062c800000| Complete 
| 277|0x000000062ca00000, 0x000000062cc00000, 0x000000062cc00000|100%| E|CS|TAMS 0x000000062ca00000, 0x000000062ca00000| Complete 
| 278|0x000000062cc00000, 0x000000062ce00000, 0x000000062ce00000|100%| E|CS|TAMS 0x000000062cc00000, 0x000000062cc00000| Complete 
| 279|0x000000062ce00000, 0x000000062d000000, 0x000000062d000000|100%| E|CS|TAMS 0x000000062ce00000, 0x000000062ce00000| Complete 
| 280|0x000000062d000000, 0x000000062d200000, 0x000000062d200000|100%| E|CS|TAMS 0x000000062d000000, 0x000000062d000000| Complete 
| 281|0x000000062d200000, 0x000000062d400000, 0x000000062d400000|100%| E|CS|TAMS 0x000000062d200000, 0x000000062d200000| Complete 
| 282|0x000000062d400000, 0x000000062d600000, 0x000000062d600000|100%| E|CS|TAMS 0x000000062d400000, 0x000000062d400000| Complete 
| 283|0x000000062d600000, 0x000000062d800000, 0x000000062d800000|100%| E|CS|TAMS 0x000000062d600000, 0x000000062d600000| Complete 
| 284|0x000000062d800000, 0x000000062da00000, 0x000000062da00000|100%| E|CS|TAMS 0x000000062d800000, 0x000000062d800000| Complete 
| 285|0x000000062da00000, 0x000000062dc00000, 0x000000062dc00000|100%| E|CS|TAMS 0x000000062da00000, 0x000000062da00000| Complete 
| 286|0x000000062dc00000, 0x000000062de00000, 0x000000062de00000|100%| E|CS|TAMS 0x000000062dc00000, 0x000000062dc00000| Complete 
| 287|0x000000062de00000, 0x000000062e000000, 0x000000062e000000|100%| E|CS|TAMS 0x000000062de00000, 0x000000062de00000| Complete 
| 288|0x000000062e000000, 0x000000062e200000, 0x000000062e200000|100%| E|CS|TAMS 0x000000062e000000, 0x000000062e000000| Complete 
| 289|0x000000062e200000, 0x000000062e400000, 0x000000062e400000|100%| E|CS|TAMS 0x000000062e200000, 0x000000062e200000| Complete 
| 290|0x000000062e400000, 0x000000062e600000, 0x000000062e600000|100%| E|CS|TAMS 0x000000062e400000, 0x000000062e400000| Complete 
| 291|0x000000062e600000, 0x000000062e800000, 0x000000062e800000|100%| E|CS|TAMS 0x000000062e600000, 0x000000062e600000| Complete 
| 292|0x000000062e800000, 0x000000062ea00000, 0x000000062ea00000|100%| E|CS|TAMS 0x000000062e800000, 0x000000062e800000| Complete 
| 293|0x000000062ea00000, 0x000000062ec00000, 0x000000062ec00000|100%| E|CS|TAMS 0x000000062ea00000, 0x000000062ea00000| Complete 
| 294|0x000000062ec00000, 0x000000062ee00000, 0x000000062ee00000|100%| E|CS|TAMS 0x000000062ec00000, 0x000000062ec00000| Complete 
| 295|0x000000062ee00000, 0x000000062f000000, 0x000000062f000000|100%| E|CS|TAMS 0x000000062ee00000, 0x000000062ee00000| Complete 
| 296|0x000000062f000000, 0x000000062f200000, 0x000000062f200000|100%| E|CS|TAMS 0x000000062f000000, 0x000000062f000000| Complete 
| 297|0x000000062f200000, 0x000000062f400000, 0x000000062f400000|100%| E|CS|TAMS 0x000000062f200000, 0x000000062f200000| Complete 
| 298|0x000000062f400000, 0x000000062f600000, 0x000000062f600000|100%| E|CS|TAMS 0x000000062f400000, 0x000000062f400000| Complete 
| 299|0x000000062f600000, 0x000000062f800000, 0x000000062f800000|100%| E|CS|TAMS 0x000000062f600000, 0x000000062f600000| Complete 
| 300|0x000000062f800000, 0x000000062fa00000, 0x000000062fa00000|100%| E|CS|TAMS 0x000000062f800000, 0x000000062f800000| Complete 
| 301|0x000000062fa00000, 0x000000062fc00000, 0x000000062fc00000|100%| E|CS|TAMS 0x000000062fa00000, 0x000000062fa00000| Complete 

Card table byte_map: [0x000002ae19690000,0x000002ae1a640000] _byte_map_base: 0x000002ae16640000

Marking Bits (Prev, Next): (CMBitMap*) 0x000002ae7a3ce868, (CMBitMap*) 0x000002ae7a3ce8a0
 Prev Bits: [0x000002ae1b5f0000, 0x000002ae23370000)
 Next Bits: [0x000002ae23370000, 0x000002ae2b0f0000)

Polling page: 0x000002ae00000000

Metaspace:

Usage:
  Non-class:     85.55 MB capacity,    83.33 MB ( 97%) used,     1.80 MB (  2%) free+waste,   435.75 KB ( <1%) overhead. 
      Class:     10.58 MB capacity,     9.07 MB ( 86%) used,     1.31 MB ( 12%) free+waste,   194.69 KB (  2%) overhead. 
       Both:     96.13 MB capacity,    92.40 MB ( 96%) used,     3.11 MB (  3%) free+waste,   630.44 KB ( <1%) overhead. 

Virtual space:
  Non-class space:       86.00 MB reserved,      85.74 MB (>99%) committed 
      Class space:        1.00 GB reserved,      10.62 MB (  1%) committed 
             Both:        1.08 GB reserved,      96.37 MB (  9%) committed 

Chunk freelists:
   Non-Class:  3.00 KB
       Class:  15.00 KB
        Both:  18.00 KB

MaxMetaspaceSize: 17179869184.00 GB
CompressedClassSpaceSize: 1.00 GB
Initial GC threshold: 20.80 MB
Current GC threshold: 128.32 MB
CDS: on

CodeHeap 'non-profiled nmethods': size=119168Kb used=21603Kb max_used=21603Kb free=97564Kb
 bounds [0x000002ae102c0000, 0x000002ae117e0000, 0x000002ae17720000]
CodeHeap 'profiled nmethods': size=119168Kb used=45228Kb max_used=45228Kb free=73939Kb
 bounds [0x000002ae08e60000, 0x000002ae0bda0000, 0x000002ae102c0000]
CodeHeap 'non-nmethods': size=7424Kb used=2271Kb max_used=4117Kb free=5152Kb
 bounds [0x000002ae08720000, 0x000002ae08b50000, 0x000002ae08e60000]
 total_blobs=16476 nmethods=14721 adapters=1672
 compilation: enabled
              stopped_count=0, restarted_count=0
 full_count=0

Compilation events (20 events):
Event: 361.848 Thread 0x000002ae2eb8f000 19163       3       com.sun.crypto.provider.CipherCore::checkReinit (18 bytes)
Event: 361.849 Thread 0x000002ae2eb8f000 nmethod 19163 0x000002ae0b551710 code [0x000002ae0b5518e0, 0x000002ae0b551b08]
Event: 361.849 Thread 0x000002ae3e567800 nmethod 19162 0x000002ae0b598a10 code [0x000002ae0b598c00, 0x000002ae0b5990d8]
Event: 362.541 Thread 0x000002ae2eb8c000 19164   !   4       ky::ab (30 bytes)
Event: 362.541 Thread 0x000002ae2eb8c000 nmethod 19164 0x000002ae117d5690 code [0x000002ae117d5820, 0x000002ae117d5878]
Event: 362.683 Thread 0x000002ae2eb8f000 19165       3       javax.swing.text.html.HTMLDocument$HTMLReader::flush (52 bytes)
Event: 362.684 Thread 0x000002ae2eb8f000 nmethod 19165 0x000002ae0b597c90 code [0x000002ae0b597ec0, 0x000002ae0b5987a8]
Event: 362.685 Thread 0x000002ae2eb8c000 19166       4       javax.swing.text.BoxView::layout (15 bytes)
Event: 362.685 Thread 0x000002ae2eb8c000 nmethod 19166 0x000002ae117d5990 code [0x000002ae117d5b40, 0x000002ae117d5c18]
Event: 362.685 Thread 0x000002ae2eb8c000 19167       4       java.util.HashSet::remove (20 bytes)
Event: 362.688 Thread 0x000002ae2eb8c000 nmethod 19167 0x000002ae117d5d10 code [0x000002ae117d5ee0, 0x000002ae117d61b8]
Event: 362.688 Thread 0x000002ae2eb8c000 19168   !   4       te::az (29 bytes)
Event: 362.688 Thread 0x000002ae2eb8c000 nmethod 19168 0x000002ae117d6390 code [0x000002ae117d6520, 0x000002ae117d6598]
Event: 365.661 Thread 0x000002ae2eb8c000 19169       4       net.runelite.client.plugins.xptracker.XpStateSingle::getTotalXpGained (10 bytes)
Event: 365.661 Thread 0x000002ae2eb8c000 nmethod 19169 0x000002ae117d6690 code [0x000002ae117d6820, 0x000002ae117d6898]
Event: 365.685 Thread 0x000002ae2eb8c000 19170       4       net.runelite.client.plugins.npchighlight.NpcIndicatorsPlugin::onMenuEntryAdded (514 bytes)
Event: 365.706 Thread 0x000002ae2eb8c000 nmethod 19170 0x000002ae117d6990 code [0x000002ae117d6c20, 0x000002ae117d7b90]
Event: 366.660 Thread 0x000002ae2eb8c000 19171       4       client::rm (36 bytes)
Event: 366.661 Thread 0x000002ae2eb8c000 nmethod 19171 0x000002ae117d8a90 code [0x000002ae117d8c20, 0x000002ae117d8cd8]
Event: 368.279 Thread 0x000002ae2eb8c000 19172       4       com.mycombatlevel.ExamplePlugin$overlay_screen::render (244 bytes)

GC Heap History (20 events):
Event: 298.037 GC heap before
{Heap before GC invocations=50 (full 0):
 garbage-first heap   total 618496K, used 545407K [0x000000060a000000, 0x0000000800000000)
  region size 2048K, 141 young (288768K), 2 survivors (4096K)
 Metaspace       used 94330K, capacity 98144K, committed 98424K, reserved 1136640K
  class space    used 9290K, capacity 10833K, committed 10880K, reserved 1048576K
}
Event: 298.041 GC heap after
{Heap after GC invocations=51 (full 0):
 garbage-first heap   total 618496K, used 260989K [0x000000060a000000, 0x0000000800000000)
  region size 2048K, 2 young (4096K), 2 survivors (4096K)
 Metaspace       used 94330K, capacity 98144K, committed 98424K, reserved 1136640K
  class space    used 9290K, capacity 10833K, committed 10880K, reserved 1048576K
}
Event: 305.361 GC heap before
{Heap before GC invocations=51 (full 0):
 garbage-first heap   total 618496K, used 545661K [0x000000060a000000, 0x0000000800000000)
  region size 2048K, 141 young (288768K), 2 survivors (4096K)
 Metaspace       used 94340K, capacity 98144K, committed 98424K, reserved 1136640K
  class space    used 9290K, capacity 10833K, committed 10880K, reserved 1048576K
}
Event: 305.365 GC heap after
{Heap after GC invocations=52 (full 0):
 garbage-first heap   total 618496K, used 260634K [0x000000060a000000, 0x0000000800000000)
  region size 2048K, 1 young (2048K), 1 survivors (2048K)
 Metaspace       used 94340K, capacity 98144K, committed 98424K, reserved 1136640K
  class space    used 9290K, capacity 10833K, committed 10880K, reserved 1048576K
}
Event: 312.701 GC heap before
{Heap before GC invocations=52 (full 0):
 garbage-first heap   total 618496K, used 545306K [0x000000060a000000, 0x0000000800000000)
  region size 2048K, 140 young (286720K), 1 survivors (2048K)
 Metaspace       used 94344K, capacity 98144K, committed 98424K, reserved 1136640K
  class space    used 9290K, capacity 10833K, committed 10880K, reserved 1048576K
}
Event: 312.705 GC heap after
{Heap after GC invocations=53 (full 0):
 garbage-first heap   total 618496K, used 260634K [0x000000060a000000, 0x0000000800000000)
  region size 2048K, 1 young (2048K), 1 survivors (2048K)
 Metaspace       used 94344K, capacity 98144K, committed 98424K, reserved 1136640K
  class space    used 9290K, capacity 10833K, committed 10880K, reserved 1048576K
}
Event: 320.040 GC heap before
{Heap before GC invocations=53 (full 0):
 garbage-first heap   total 618496K, used 545306K [0x000000060a000000, 0x0000000800000000)
  region size 2048K, 140 young (286720K), 1 survivors (2048K)
 Metaspace       used 94355K, capacity 98145K, committed 98424K, reserved 1136640K
  class space    used 9291K, capacity 10833K, committed 10880K, reserved 1048576K
}
Event: 320.045 GC heap after
{Heap after GC invocations=54 (full 0):
 garbage-first heap   total 618496K, used 260783K [0x000000060a000000, 0x0000000800000000)
  region size 2048K, 1 young (2048K), 1 survivors (2048K)
 Metaspace       used 94355K, capacity 98145K, committed 98424K, reserved 1136640K
  class space    used 9291K, capacity 10833K, committed 10880K, reserved 1048576K
}
Event: 327.398 GC heap before
{Heap before GC invocations=54 (full 0):
 garbage-first heap   total 618496K, used 545455K [0x000000060a000000, 0x0000000800000000)
  region size 2048K, 140 young (286720K), 1 survivors (2048K)
 Metaspace       used 94358K, capacity 98145K, committed 98424K, reserved 1136640K
  class space    used 9291K, capacity 10833K, committed 10880K, reserved 1048576K
}
Event: 327.402 GC heap after
{Heap after GC invocations=55 (full 0):
 garbage-first heap   total 618496K, used 260639K [0x000000060a000000, 0x0000000800000000)
  region size 2048K, 1 young (2048K), 1 survivors (2048K)
 Metaspace       used 94358K, capacity 98145K, committed 98424K, reserved 1136640K
  class space    used 9291K, capacity 10833K, committed 10880K, reserved 1048576K
}
Event: 334.702 GC heap before
{Heap before GC invocations=55 (full 0):
 garbage-first heap   total 618496K, used 545311K [0x000000060a000000, 0x0000000800000000)
  region size 2048K, 140 young (286720K), 1 survivors (2048K)
 Metaspace       used 94371K, capacity 98145K, committed 98424K, reserved 1136640K
  class space    used 9291K, capacity 10833K, committed 10880K, reserved 1048576K
}
Event: 334.707 GC heap after
{Heap after GC invocations=56 (full 0):
 garbage-first heap   total 618496K, used 260729K [0x000000060a000000, 0x0000000800000000)
  region size 2048K, 1 young (2048K), 1 survivors (2048K)
 Metaspace       used 94371K, capacity 98145K, committed 98424K, reserved 1136640K
  class space    used 9291K, capacity 10833K, committed 10880K, reserved 1048576K
}
Event: 342.015 GC heap before
{Heap before GC invocations=56 (full 0):
 garbage-first heap   total 618496K, used 545401K [0x000000060a000000, 0x0000000800000000)
  region size 2048K, 140 young (286720K), 1 survivors (2048K)
 Metaspace       used 94378K, capacity 98145K, committed 98424K, reserved 1136640K
  class space    used 9292K, capacity 10833K, committed 10880K, reserved 1048576K
}
Event: 342.019 GC heap after
{Heap after GC invocations=57 (full 0):
 garbage-first heap   total 618496K, used 260740K [0x000000060a000000, 0x0000000800000000)
  region size 2048K, 1 young (2048K), 1 survivors (2048K)
 Metaspace       used 94378K, capacity 98145K, committed 98424K, reserved 1136640K
  class space    used 9292K, capacity 10833K, committed 10880K, reserved 1048576K
}
Event: 349.308 GC heap before
{Heap before GC invocations=57 (full 0):
 garbage-first heap   total 618496K, used 545412K [0x000000060a000000, 0x0000000800000000)
  region size 2048K, 140 young (286720K), 1 survivors (2048K)
 Metaspace       used 94381K, capacity 98209K, committed 98424K, reserved 1136640K
  class space    used 9292K, capacity 10833K, committed 10880K, reserved 1048576K
}
Event: 349.310 GC heap after
{Heap after GC invocations=58 (full 0):
 garbage-first heap   total 618496K, used 261052K [0x000000060a000000, 0x0000000800000000)
  region size 2048K, 2 young (4096K), 2 survivors (4096K)
 Metaspace       used 94381K, capacity 98209K, committed 98424K, reserved 1136640K
  class space    used 9292K, capacity 10833K, committed 10880K, reserved 1048576K
}
Event: 356.581 GC heap before
{Heap before GC invocations=58 (full 0):
 garbage-first heap   total 618496K, used 545724K [0x000000060a000000, 0x0000000800000000)
  region size 2048K, 141 young (288768K), 2 survivors (4096K)
 Metaspace       used 94600K, capacity 98438K, committed 98680K, reserved 1136640K
  class space    used 9292K, capacity 10833K, committed 10880K, reserved 1048576K
}
Event: 356.586 GC heap after
{Heap after GC invocations=59 (full 0):
 garbage-first heap   total 618496K, used 260848K [0x000000060a000000, 0x0000000800000000)
  region size 2048K, 1 young (2048K), 1 survivors (2048K)
 Metaspace       used 94600K, capacity 98438K, committed 98680K, reserved 1136640K
  class space    used 9292K, capacity 10833K, committed 10880K, reserved 1048576K
}
Event: 363.881 GC heap before
{Heap before GC invocations=59 (full 0):
 garbage-first heap   total 618496K, used 545520K [0x000000060a000000, 0x0000000800000000)
  region size 2048K, 140 young (286720K), 1 survivors (2048K)
 Metaspace       used 94621K, capacity 98438K, committed 98680K, reserved 1136640K
  class space    used 9292K, capacity 10833K, committed 10880K, reserved 1048576K
}
Event: 363.885 GC heap after
{Heap after GC invocations=60 (full 0):
 garbage-first heap   total 618496K, used 260905K [0x000000060a000000, 0x0000000800000000)
  region size 2048K, 1 young (2048K), 1 survivors (2048K)
 Metaspace       used 94621K, capacity 98438K, committed 98680K, reserved 1136640K
  class space    used 9292K, capacity 10833K, committed 10880K, reserved 1048576K
}

Deoptimization events (20 events):
Event: 286.320 Thread 0x000002ae312bc800 Uncommon trap: trap_request=0xffffff4d fr.pc=0x000002ae107b28e8 relative=0x0000000000000908
Event: 286.320 Thread 0x000002ae312bc800 Uncommon trap: reason=unstable_if action=reinterpret pc=0x000002ae107b28e8 method=net.runelite.client.plugins.npchighlight.NpcIndicatorsPlugin.onMenuEntryAdded(Lnet/runelite/api/events/MenuEntryAdded;)V @ 374 c2
Event: 286.320 Thread 0x000002ae312bc800 DEOPT PACKING pc=0x000002ae107b28e8 sp=0x000000b3503fe030
Event: 286.320 Thread 0x000002ae312bc800 DEOPT UNPACKING pc=0x000002ae0876a1af sp=0x000000b3503fe000 mode 2
Event: 293.059 Thread 0x000002ae312bc800 Uncommon trap: trap_request=0xffffffc6 fr.pc=0x000002ae112c2924 relative=0x00000000000009c4
Event: 293.059 Thread 0x000002ae312bc800 Uncommon trap: reason=bimorphic_or_optimized_type_check action=maybe_recompile pc=0x000002ae112c2924 method=java.util.HashMap.removeNode(ILjava/lang/Object;Ljava/lang/Object;ZZ)Ljava/util/HashMap$Node; @ 143 c2
Event: 293.059 Thread 0x000002ae312bc800 DEOPT PACKING pc=0x000002ae112c2924 sp=0x000000b3503feb70
Event: 293.059 Thread 0x000002ae312bc800 DEOPT UNPACKING pc=0x000002ae0876a1af sp=0x000000b3503feb18 mode 2
Event: 293.560 Thread 0x000002ae312bc800 Uncommon trap: trap_request=0xffffff4d fr.pc=0x000002ae10c3f69c relative=0x0000000000001ddc
Event: 293.560 Thread 0x000002ae312bc800 Uncommon trap: reason=unstable_if action=reinterpret pc=0x000002ae10c3f69c method=net.runelite.client.plugins.menuentryswapper.MenuEntrySwapperPlugin.onClientTick(Lnet/runelite/api/events/ClientTick;)V @ 76 c2
Event: 293.560 Thread 0x000002ae312bc800 DEOPT PACKING pc=0x000002ae10c3f69c sp=0x000000b3503ff210
Event: 293.560 Thread 0x000002ae312bc800 DEOPT UNPACKING pc=0x000002ae0876a1af sp=0x000000b3503ff278 mode 2
Event: 293.561 Thread 0x000002ae312bc800 Uncommon trap: trap_request=0xffffff4d fr.pc=0x000002ae10c5fba4 relative=0x00000000000027a4
Event: 293.561 Thread 0x000002ae312bc800 Uncommon trap: reason=unstable_if action=reinterpret pc=0x000002ae10c5fba4 method=net.runelite.client.plugins.menuentryswapper.MenuEntrySwapperPlugin.swapMenuEntry(Lnet/runelite/api/MenuEntry;Lnet/runelite/api/Menu;[Lnet/runelite/api/MenuEntry;ILnet/runel
Event: 293.561 Thread 0x000002ae312bc800 DEOPT PACKING pc=0x000002ae10c5fba4 sp=0x000000b3503ff1c0
Event: 293.561 Thread 0x000002ae312bc800 DEOPT UNPACKING pc=0x000002ae0876a1af sp=0x000000b3503ff208 mode 2
Event: 295.422 Thread 0x000002ae312bc800 Uncommon trap: trap_request=0xffffff4d fr.pc=0x000002ae115bbee8 relative=0x0000000000000608
Event: 295.422 Thread 0x000002ae312bc800 Uncommon trap: reason=unstable_if action=reinterpret pc=0x000002ae115bbee8 method=dh.ob(Ldh;)V @ 1378 c2
Event: 295.422 Thread 0x000002ae312bc800 DEOPT PACKING pc=0x000002ae115bbee8 sp=0x000000b3503ff3d0
Event: 295.422 Thread 0x000002ae312bc800 DEOPT UNPACKING pc=0x000002ae0876a1af sp=0x000000b3503ff340 mode 2

Classes redefined (9 events):
Event: 0.186 Thread 0x000002ae2eb67000 redefined class name=java.lang.Throwable, count=1
Event: 0.202 Thread 0x000002ae2eb67000 redefined class name=java.io.FileOutputStream, count=1
Event: 100.286 Thread 0x000002ae2eb67000 redefined class name=com.mycombatlevel.ExamplePlugin, count=1
Event: 100.391 Thread 0x000002ae2eb67000 redefined class name=com.mycombatlevel.ExamplePlugin$overlay_minimap, count=1
Event: 100.492 Thread 0x000002ae2eb67000 redefined class name=com.mycombatlevel.ExamplePlugin$overlay_screen, count=1
Event: 100.605 Thread 0x000002ae2eb67000 redefined class name=com.mycombatlevel.ExampleConfig, count=1
Event: 195.639 Thread 0x000002ae2eb67000 redefined class name=com.mycombatlevel.ExamplePlugin, count=2
Event: 195.735 Thread 0x000002ae2eb67000 redefined class name=com.mycombatlevel.ExamplePlugin$overlay_minimap, count=2
Event: 195.834 Thread 0x000002ae2eb67000 redefined class name=com.mycombatlevel.ExamplePlugin$overlay_screen, count=2

Internal exceptions (20 events):
Event: 48.254 Thread 0x000002ae312bc800 Exception <a 'java/lang/NoSuchMethodError'{0x0000000623397040}: 'java.lang.Object java.lang.invoke.Invokers$Holder.linkToTargetMethod(java.lang.Object, int, java.lang.Object, java.lang.Object)'> (0x0000000623397040) thrown at [s\src\hotspot\share\interpreter\linkResolver.cpp, line 773]
Event: 48.266 Thread 0x000002ae312bc800 Exception <a 'java/lang/NoSuchMethodError'{0x0000000622ec0d28}: 'java.lang.Object java.lang.invoke.DirectMethodHandle$Holder.invokeStaticInit(java.lang.Object, double, java.lang.Object)'> (0x0000000622ec0d28) thrown at [s\src\hotspot\share\interpreter\linkResolver.cpp, line 773]
Event: 48.274 Thread 0x000002ae312bc800 Exception <a 'java/lang/NoSuchMethodError'{0x0000000622c818d0}: 'java.lang.Object java.lang.invoke.DirectMethodHandle$Holder.invokeStatic(java.lang.Object, java.lang.Object, java.lang.Object, java.lang.Object, java.lang.Object, int)'> (0x0000000622c818d0) thrown at [s\src\hotspot\share\interpreter\linkResolver.cpp, line 773]
Event: 48.275 Thread 0x000002ae312bc800 Exception <a 'java/lang/NoSuchMethodError'{0x0000000622c85670}: 'java.lang.Object java.lang.invoke.DirectMethodHandle$Holder.invokeSpecial(java.lang.Object, java.lang.Object, java.lang.Object, java.lang.Object, java.lang.Object, java.lang.Object, int)'> (0x0000000622c85670) thrown at [s\src\hotspot\share\interpreter\linkResolver.cpp, line 773]
Event: 48.288 Thread 0x000002ae30ebb800 Exception <a 'java/lang/NoSuchMethodError'{0x00000006252cb000}: 'java.lang.Object java.lang.invoke.DirectMethodHandle$Holder.invokeStatic(java.lang.Object, java.lang.Object, java.lang.Object, java.lang.Object, java.lang.Object, java.lang.Object, java.lang.Object, java.lang.Object, java.lang.Object, java.lang.Object, java.lang.Object, java.lang.Object, java.lang.Object, java.lang.Object, java.lang.Object, int)'> (0x00000006252cb000) thrown at [s\src\hotspot\share\interpreter\linkResolver.cpp, line 773]
Event: 48.492 Thread 0x000002ae312bc800 Exception <a 'java/lang/NullPointerException'{0x0000000621972858}> (0x0000000621972858) thrown at [s\src\hotspot\share\interpreter\linkResolver.cpp, line 1440]
Event: 51.533 Thread 0x000002ae312c2000 Exception <a 'java/net/SocketTimeoutException'{0x0000000627b06590}: Read timed out> (0x0000000627b06590) thrown at [s\src\hotspot\share\prims\jni.cpp, line 638]
Event: 51.788 Thread 0x000002ae312bc800 Implicit null exception at 0x000002ae10c07b8e to 0x000002ae10c07be9
Event: 55.390 Thread 0x000002ae312bc800 Implicit null exception at 0x000002ae10c07b8e to 0x000002ae10c07be9
Event: 57.188 Thread 0x000002ae312bc800 Implicit null exception at 0x000002ae10c07b8e to 0x000002ae10c07be9
Event: 58.400 Thread 0x000002ae312bc800 Implicit null exception at 0x000002ae1091b44c to 0x000002ae1091be2c
Event: 58.400 Thread 0x000002ae312bc800 Implicit null exception at 0x000002ae1106af04 to 0x000002ae1106b291
Event: 58.400 Thread 0x000002ae312bc800 Implicit null exception at 0x000002ae110401ff to 0x000002ae11040529
Event: 58.407 Thread 0x000002ae312bc800 Implicit null exception at 0x000002ae10f3a211 to 0x000002ae10f3bb02
Event: 63.191 Thread 0x000002ae312bc800 Implicit null exception at 0x000002ae111c70dc to 0x000002ae111cad24
Event: 65.814 Thread 0x000002ae312bc800 Implicit null exception at 0x000002ae112315ef to 0x000002ae11234938
Event: 159.814 Thread 0x000002ae312bc800 Implicit null exception at 0x000002ae10811d78 to 0x000002ae10811ea8
Event: 163.903 Thread 0x000002ae2f372800 Implicit null exception at 0x000002ae104d005e to 0x000002ae104d17e8
Event: 186.204 Thread 0x000002ae312bc800 Implicit null exception at 0x000002ae1035d174 to 0x000002ae1035d21c
Event: 250.008 Thread 0x000002ae312bc800 Implicit null exception at 0x000002ae1102f2c0 to 0x000002ae1102f3a0

Events (20 events):
Event: 346.540 Executing VM operation: RevokeBias
Event: 346.540 Executing VM operation: RevokeBias done
Event: 349.307 Executing VM operation: G1CollectForAllocation
Event: 349.311 Executing VM operation: G1CollectForAllocation done
Event: 350.640 loading class lq
Event: 350.640 loading class lq done
Event: 354.861 Thread 0x000002ae3e567800 Thread added: 0x000002ae3e567800
Event: 354.862 Thread 0x000002ae3e565000 Thread added: 0x000002ae3e565000
Event: 354.862 Thread 0x000002ae3e569800 Thread added: 0x000002ae3e569800
Event: 355.520 Thread 0x000002ae3e569800 Thread exited: 0x000002ae3e569800
Event: 356.581 Executing VM operation: G1CollectForAllocation
Event: 356.586 Executing VM operation: G1CollectForAllocation done
Event: 359.722 Thread 0x000002ae3e569800 Thread added: 0x000002ae3e569800
Event: 362.541 Thread 0x000002ae3e569800 Thread exited: 0x000002ae3e569800
Event: 362.541 Thread 0x000002ae3e565000 Thread exited: 0x000002ae3e565000
Event: 362.541 Thread 0x000002ae3e567800 Thread exited: 0x000002ae3e567800
Event: 363.881 Executing VM operation: G1CollectForAllocation
Event: 363.885 Executing VM operation: G1CollectForAllocation done
Event: 366.970 Executing VM operation: ChangeBreakpoints
Event: 366.971 Executing VM operation: ChangeBreakpoints done


Dynamic libraries:
0x00007ff7f20d0000 - 0x00007ff7f20de000 	C:\Users\TDub\.jdks\ms-11.0.32\bin\java.exe
0x00007ffa27520000 - 0x00007ffa27786000 	C:\WINDOWS\SYSTEM32\ntdll.dll
0x00007ffa26390000 - 0x00007ffa26459000 	C:\WINDOWS\System32\KERNEL32.DLL
0x00007ffa24ae0000 - 0x00007ffa24edf000 	C:\WINDOWS\System32\KERNELBASE.dll
0x00007ffa248f0000 - 0x00007ffa24a3c000 	C:\WINDOWS\System32\ucrtbase.dll
0x00007ffa0ba20000 - 0x00007ffa0ba38000 	C:\Users\TDub\.jdks\ms-11.0.32\bin\jli.dll
0x00007ffa0b920000 - 0x00007ffa0b93e000 	C:\Users\TDub\.jdks\ms-11.0.32\bin\VCRUNTIME140.dll
0x00007ffa25930000 - 0x00007ffa25af6000 	C:\WINDOWS\System32\USER32.dll
0x00007ffa248c0000 - 0x00007ffa248e7000 	C:\WINDOWS\System32\win32u.dll
0x00007ffa07bd0000 - 0x00007ffa07e61000 	C:\WINDOWS\WinSxS\amd64_microsoft.windows.common-controls_6595b64144ccf1df_6.0.26100.8972_none_3e0da176e32f9d4b\COMCTL32.dll
0x00007ffa27360000 - 0x00007ffa2738b000 	C:\WINDOWS\System32\GDI32.dll
0x00007ffa27430000 - 0x00007ffa274d9000 	C:\WINDOWS\System32\msvcrt.dll
0x00007ffa25120000 - 0x00007ffa25249000 	C:\WINDOWS\System32\gdi32full.dll
0x00007ffa24fb0000 - 0x00007ffa25053000 	C:\WINDOWS\System32\msvcp_win.dll
0x00007ffa27310000 - 0x00007ffa27342000 	C:\WINDOWS\System32\IMM32.DLL
0x00007ffa0b9c0000 - 0x00007ffa0b9cc000 	C:\Users\TDub\.jdks\ms-11.0.32\bin\vcruntime140_1.dll
0x00007ff9fd1c0000 - 0x00007ff9fd24d000 	C:\Users\TDub\.jdks\ms-11.0.32\bin\msvcp140.dll
0x00007ff8ae530000 - 0x00007ff8af106000 	C:\Users\TDub\.jdks\ms-11.0.32\bin\server\jvm.dll
0x00007ffa27240000 - 0x00007ffa272fc000 	C:\WINDOWS\System32\ADVAPI32.dll
0x00007ffa26e00000 - 0x00007ffa26ea9000 	C:\WINDOWS\System32\sechost.dll
0x00007ffa25270000 - 0x00007ffa25388000 	C:\WINDOWS\System32\RPCRT4.dll
0x00007ffa26eb0000 - 0x00007ffa26f32000 	C:\WINDOWS\System32\WS2_32.dll
0x00007ffa0dd70000 - 0x00007ffa0dd7b000 	C:\WINDOWS\SYSTEM32\VERSION.dll
0x00007ffa0fd10000 - 0x00007ffa0fd46000 	C:\WINDOWS\SYSTEM32\WINMM.dll
0x00007ffa233e0000 - 0x00007ffa233fb000 	C:\WINDOWS\SYSTEM32\kernel.appcore.dll
0x00007ffa0b910000 - 0x00007ffa0b920000 	C:\Users\TDub\.jdks\ms-11.0.32\bin\verify.dll
0x00007ffa21da0000 - 0x00007ffa21fe2000 	C:\WINDOWS\SYSTEM32\DBGHELP.DLL
0x00007ffa26a70000 - 0x00007ffa26df5000 	C:\WINDOWS\System32\combase.dll
0x00007ffa27010000 - 0x00007ffa270e9000 	C:\WINDOWS\System32\OLEAUT32.dll
0x00007ff9fd310000 - 0x00007ff9fd34b000 	C:\WINDOWS\SYSTEM32\dbgcore.DLL
0x00007ffa24ef0000 - 0x00007ffa24f9c000 	C:\WINDOWS\System32\bcryptPrimitives.dll
0x00007ffa09630000 - 0x00007ffa0965a000 	C:\Users\TDub\.jdks\ms-11.0.32\bin\java.dll
0x00007ffa09c70000 - 0x00007ffa09c7a000 	C:\Users\TDub\.jdks\ms-11.0.32\bin\jimage.dll
0x00007ff9fd7b0000 - 0x00007ff9fd7e9000 	C:\Users\TDub\.jdks\ms-11.0.32\bin\jdwp.dll
0x00007ffa09c60000 - 0x00007ffa09c6f000 	C:\Users\TDub\.jdks\ms-11.0.32\bin\instrument.dll
0x00007ffa03020000 - 0x00007ffa03038000 	C:\Users\TDub\.jdks\ms-11.0.32\bin\zip.dll
0x00007ffa25b00000 - 0x00007ffa26288000 	C:\WINDOWS\System32\SHELL32.dll
0x00007ffa221a0000 - 0x00007ffa22a3b000 	C:\WINDOWS\SYSTEM32\windows.storage.dll
0x00007ffa27140000 - 0x00007ffa27239000 	C:\WINDOWS\System32\SHCORE.dll
0x00007ffa258c0000 - 0x00007ffa25926000 	C:\WINDOWS\System32\shlwapi.dll
0x00007ffa24650000 - 0x00007ffa24679000 	C:\WINDOWS\SYSTEM32\profapi.dll
0x00007ffa0e0d0000 - 0x00007ffa0e0db000 	C:\Users\TDub\.jdks\ms-11.0.32\bin\dt_socket.dll
0x00007ffa23970000 - 0x00007ffa239dc000 	C:\WINDOWS\system32\mswsock.dll
0x00007ffa02ff0000 - 0x00007ffa0300b000 	C:\Users\TDub\.jdks\ms-11.0.32\bin\net.dll
0x00007ffa1dc40000 - 0x00007ffa1dd67000 	C:\WINDOWS\SYSTEM32\WINHTTP.dll
0x00007ff9fd750000 - 0x00007ff9fd763000 	C:\Users\TDub\.jdks\ms-11.0.32\bin\nio.dll
0x00007ffa09c80000 - 0x00007ffa09ca7000 	C:\Users\TDub\.jdks\ms-11.0.32\bin\sunec.dll
0x00007ff9f03e0000 - 0x00007ff9f03ee000 	C:\Users\TDub\.jdks\ms-11.0.32\bin\sunmscapi.dll
0x00007ffa24730000 - 0x00007ffa248ae000 	C:\WINDOWS\System32\CRYPT32.dll
0x00007ffa23f00000 - 0x00007ffa23f30000 	C:\WINDOWS\SYSTEM32\ncrypt.dll
0x00007ffa23eb0000 - 0x00007ffa23eef000 	C:\WINDOWS\SYSTEM32\NTASN1.dll
0x00007ffa23e00000 - 0x00007ffa23e13000 	C:\WINDOWS\SYSTEM32\MSASN1.dll
0x00007ffa23d90000 - 0x00007ffa23dab000 	C:\WINDOWS\SYSTEM32\CRYPTSP.dll
0x00007ffa23340000 - 0x00007ffa23379000 	C:\WINDOWS\system32\rsaenh.dll
0x00007ffa23bd0000 - 0x00007ffa23bdc000 	C:\WINDOWS\SYSTEM32\CRYPTBASE.dll
0x00007ffa239f0000 - 0x00007ffa23a15000 	C:\WINDOWS\SYSTEM32\gpapi.dll
0x00007ffa24620000 - 0x00007ffa2464a000 	C:\WINDOWS\SYSTEM32\bcrypt.dll
0x00007ffa23a20000 - 0x00007ffa23a52000 	C:\WINDOWS\SYSTEM32\USERENV.dll
0x00007ffa22de0000 - 0x00007ffa22e13000 	C:\WINDOWS\SYSTEM32\IPHLPAPI.DLL
0x00007ffa26f40000 - 0x00007ffa26f4a000 	C:\WINDOWS\System32\NSI.dll
0x00007ffa1e750000 - 0x00007ffa1e76d000 	C:\WINDOWS\SYSTEM32\dhcpcsvc6.DLL
0x00007ffa1e5d0000 - 0x00007ffa1e5f5000 	C:\WINDOWS\SYSTEM32\dhcpcsvc.DLL
0x00007ffa22e80000 - 0x00007ffa22fd8000 	C:\WINDOWS\SYSTEM32\DNSAPI.dll
0x00007ffa23720000 - 0x00007ffa2372d000 	C:\WINDOWS\SYSTEM32\DSPARSE.dll
0x00007ff9a31e0000 - 0x00007ff9a3366000 	C:\Users\TDub\.jdks\ms-11.0.32\bin\awt.dll
0x00007ffa21070000 - 0x00007ffa21110000 	C:\WINDOWS\SYSTEM32\apphelp.dll
0x00007ffa212a0000 - 0x00007ffa21348000 	C:\WINDOWS\system32\uxtheme.dll
0x00007ffa26690000 - 0x00007ffa267ed000 	C:\WINDOWS\System32\MSCTF.dll
0x00007ffa264c0000 - 0x00007ffa26659000 	C:\WINDOWS\System32\ole32.dll
0x00007ffa21560000 - 0x00007ffa2158f000 	C:\WINDOWS\system32\DWMAPI.DLL
0x00007ff9af200000 - 0x00007ff9af30c000 	C:\WINDOWS\system32\opengl32.dll
0x00007ff9fd6b0000 - 0x00007ff9fd6dd000 	C:\WINDOWS\SYSTEM32\GLU32.dll
0x00007ffa213b0000 - 0x00007ffa213f5000 	C:\WINDOWS\SYSTEM32\dxcore.dll
0x00007ff9b50a0000 - 0x00007ff9b512b000 	C:\Users\TDub\.jdks\ms-11.0.32\bin\freetype.dll
0x00007ff9a2ec0000 - 0x00007ff9a2fb9000 	C:\Users\TDub\.jdks\ms-11.0.32\bin\fontmanager.dll
0x00007ffa26f50000 - 0x00007ffa26ffe000 	C:\WINDOWS\System32\clbcatq.dll
0x00007ff9f98c0000 - 0x00007ff9f991e000 	C:\WINDOWS\system32\ApplicationTargetedFeatureDatabase.dll
0x00007ff9ef7f0000 - 0x00007ff9ef936000 	C:\WINDOWS\SYSTEM32\textinputframework.dll
0x00007ffa149e0000 - 0x00007ffa14c30000 	C:\Windows\System32\twinapi.appcore.dll
0x00007ffa1dd70000 - 0x00007ffa1deda000 	C:\Windows\System32\WinTypes.dll
0x00007ff9eacd0000 - 0x00007ff9ead45000 	C:\WINDOWS\system32\Oleacc.dll
0x00007ff9fd740000 - 0x00007ff9fd74a000 	C:\Users\TDub\.jdks\ms-11.0.32\bin\management.dll
0x00007ff9f0460000 - 0x00007ff9f046c000 	C:\Users\TDub\.jdks\ms-11.0.32\bin\management_ext.dll
0x00007ffa27420000 - 0x00007ffa27428000 	C:\WINDOWS\System32\PSAPI.DLL
0x00007ffa20c70000 - 0x00007ffa20d9b000 	C:\WINDOWS\SYSTEM32\CoreMessaging.dll
0x00007ffa1df20000 - 0x00007ffa1e204000 	C:\WINDOWS\SYSTEM32\CoreUIComponents.dll
0x00007ffa1d560000 - 0x00007ffa1d56b000 	C:\Windows\System32\rasadhlp.dll
0x00007ffa1e860000 - 0x00007ffa1e8e6000 	C:\WINDOWS\System32\fwpuclnt.dll
0x00007ff9dd9e0000 - 0x00007ff9dda24000 	C:\Users\TDub\AppData\Local\Temp\jna-2571517\jna3499037210917712080.dll
0x00007ff9aa7d0000 - 0x00007ff9aa86c000 	C:\Users\TDub\AppData\Local\Temp\jna-2571517\jna10538511137765316586.dll
0x00007ff9f03c0000 - 0x00007ff9f03d2000 	C:\Users\TDub\.jdks\ms-11.0.32\bin\jsound.dll
0x00007ff9e4430000 - 0x00007ff9e44c4000 	C:\WINDOWS\SYSTEM32\DSOUND.dll
0x00007ffa24590000 - 0x00007ffa245ee000 	C:\WINDOWS\SYSTEM32\powrprof.dll
0x00007ff9ab280000 - 0x00007ff9ab337000 	C:\WINDOWS\SYSTEM32\ResampleDmo.DLL
0x00007ffa13550000 - 0x00007ffa13587000 	C:\WINDOWS\SYSTEM32\winmmbase.dll
0x00007ff9af420000 - 0x00007ff9af42e000 	C:\WINDOWS\SYSTEM32\msdmo.dll
0x00007ffa24320000 - 0x00007ffa24372000 	C:\WINDOWS\SYSTEM32\cfgmgr32.dll
0x00007ffa24570000 - 0x00007ffa24585000 	C:\WINDOWS\SYSTEM32\UMPDC.dll
0x00007ffa124d0000 - 0x00007ffa12576000 	C:\WINDOWS\System32\MMDevApi.dll
0x00007ffa242c0000 - 0x00007ffa242ef000 	C:\WINDOWS\System32\DEVOBJ.dll
0x00007ff9f99f0000 - 0x00007ff9f9a3c000 	C:\WINDOWS\SYSTEM32\wdmaud.drv
0x00007ffa20f70000 - 0x00007ffa20f96000 	C:\WINDOWS\SYSTEM32\wdmaud2.drv
0x00007ffa1e540000 - 0x00007ffa1e54b000 	C:\WINDOWS\SYSTEM32\AVRT.dll
0x00007ffa11840000 - 0x00007ffa119f7000 	C:\WINDOWS\SYSTEM32\AUDIOSES.DLL
0x00007ffa0adc0000 - 0x00007ffa0adcf000 	C:\WINDOWS\SYSTEM32\msacm32.drv
0x00007ff9f99c0000 - 0x00007ff9f99e1000 	C:\WINDOWS\SYSTEM32\MSACM32.dll
0x00007ff9f99a0000 - 0x00007ff9f99ac000 	C:\WINDOWS\SYSTEM32\midimap.dll
0x00007ffa0c470000 - 0x00007ffa0c5c9000 	C:\Windows\System32\Windows.UI.dll
0x00007ffa21900000 - 0x00007ffa21914000 	C:\WINDOWS\SYSTEM32\resourcepolicyclient.dll
0x00007ff9a2e30000 - 0x00007ff9a2eb1000 	C:\Users\TDub\.jdks\ms-11.0.32\bin\mlib_image.dll
0x00007ff9f0190000 - 0x00007ff9f01be000 	C:\Users\TDub\.jdks\ms-11.0.32\bin\javajpeg.dll
0x00007ff9f03b0000 - 0x00007ff9f03b6000 	C:\Users\TDub\AppData\Local\Temp\flatlaf.temp\flatlaf-windows-x86_64-6955796459694000.dll
0x00007ff9f0180000 - 0x00007ff9f0187000 	C:\Users\TDub\.jdks\ms-11.0.32\bin\jawt.dll
0x00007ffa21280000 - 0x00007ffa2128e000 	C:\WINDOWS\SYSTEM32\WINNSI.DLL
0x00007ff9b9360000 - 0x00007ff9b9387000 	C:\Users\TDub\AppData\Local\Temp\14996400814186977521rlawt.dll
0x00007ff9b8580000 - 0x00007ff9b85a7000 	C:\Users\TDub\AppData\Local\Temp\6768434279952368170rlicn_amd64.dll
0x00007ffa1f330000 - 0x00007ffa1f55d000 	C:\WINDOWS\SYSTEM32\WindowsCodecs.dll
0x00007ff9f4d80000 - 0x00007ff9f4ddc000 	C:\WINDOWS\system32\dataexchange.dll
0x00007ffa1e7f0000 - 0x00007ffa1e84e000 	C:\WINDOWS\SYSTEM32\directxdatabasehelper.dll
0x00007ffa0b880000 - 0x00007ffa0b89f000 	C:\WINDOWS\SYSTEM32\windows.staterepositorycore.dll
0x00007ff9596b0000 - 0x00007ff95ac74000 	C:\WINDOWS\System32\DriverStore\FileRepository\iigd_dch.inf_amd64_cb3877eb140cb987\igxelpgicd64.dll
0x00007ff9e2f70000 - 0x00007ff9e2f93000 	C:\WINDOWS\SYSTEM32\d3d12.dll
0x00007ffa21400000 - 0x00007ffa2153a000 	C:\WINDOWS\SYSTEM32\dxgi.dll
0x00007ffa13750000 - 0x00007ffa138c2000 	C:\WINDOWS\System32\DriverStore\FileRepository\iigd_dch.inf_amd64_cb3877eb140cb987\igdml64.dll
0x00007ffa1d8b0000 - 0x00007ffa1d96f000 	C:\WINDOWS\SYSTEM32\mscms.dll
0x00007ff9c0a90000 - 0x00007ff9c0ad9000 	C:\WINDOWS\SYSTEM32\icm32.dll
0x00007ffa1a390000 - 0x00007ffa1a93b000 	C:\WINDOWS\System32\DriverStore\FileRepository\iigd_dch.inf_amd64_cb3877eb140cb987\igdgmm64.dll
0x00007ff964b80000 - 0x00007ff964eda000 	C:\WINDOWS\SYSTEM32\D3D12Core.dll

dbghelp: loaded successfully - version: 4.0.5 - missing functions: none
symbol engine: initialized successfully - sym options: 0x614 - pdb path: .;C:\Users\TDub\.jdks\ms-11.0.32\bin;C:\WINDOWS\SYSTEM32;C:\WINDOWS\WinSxS\amd64_microsoft.windows.common-controls_6595b64144ccf1df_6.0.26100.8972_none_3e0da176e32f9d4b;C:\Users\TDub\.jdks\ms-11.0.32\bin\server;C:\Users\TDub\AppData\Local\Temp\jna-2571517;C:\Users\TDub\AppData\Local\Temp\flatlaf.temp;C:\Users\TDub\AppData\Local\Temp;C:\WINDOWS\System32\DriverStore\FileRepository\iigd_dch.inf_amd64_cb3877eb140cb987;C:\Users\TDub\AppData\Local\Temp\lwjgl-rl\3.3.2+13\x64

VM Arguments:
jvm_args: -Ddebugger.agent.enable.coroutines=true -Ddebugger.agent.enable.log.capture=true -Ddebugger.async.stack.trace.for.all.threads=true -Dkotlinx.coroutines.debug.enable.creation.stack.trace=false -Dkotlinx.coroutines.debug.enable.flows.stack.trace=true -Dkotlinx.coroutines.debug.enable.mutable.state.flows.stack.trace=true -agentlib:jdwp=transport=dt_socket,server=n,suspend=y,address=127.0.0.1:57181 -javaagent:C:\Users\TDub\AppData\Local\JetBrains\IntelliJIdea2026.2\captureAgent\debugger-agent.jar=file:///C:/Users/TDub/AppData/Local/Temp/capture12922535317248871170.props -Dfile.encoding=UTF-8 -Duser.country=US -Duser.language=en -Duser.variant -ea 
java_command: com.mycombatlevel.PluginLauncher
java_class_path (initial): C:\Users\TDub\IdeaProjects\MyCombatLevel\build\classes\java\test;C:\Users\TDub\IdeaProjects\MyCombatLevel\build\resources\test;C:\Users\TDub\IdeaProjects\MyCombatLevel\build\classes\java\main;C:\Users\TDub\IdeaProjects\MyCombatLevel\build\resources\main;C:\Users\TDub\.gradle\caches\modules-2\files-2.1\junit\junit\4.12\2973d150c0dc1fefe998f834810d68f278ea58ec\junit-4.12.jar;C:\Users\TDub\.gradle\caches\modules-2\files-2.1\net.runelite\client\1.12.35\542881ca35351e653e0a8f55453173939e7d0dd9\client-1.12.35.jar;C:\Users\TDub\.gradle\caches\modules-2\files-2.1\net.runelite\jshell\1.12.35\77716bb8db728b87676e87828019f48ea9eee69c\jshell-1.12.35.jar;C:\Users\TDub\.gradle\caches\modules-2\files-2.1\org.hamcrest\hamcrest-core\1.3\42a25dc3219429f0e5d060061f71acb49bf010a0\hamcrest-core-1.3.jar;C:\Users\TDub\.gradle\caches\modules-2\files-2.1\net.runelite\runelite-api\1.12.35\ad1f07990a387471214543ada04c6109ea26075f\runelite-api-1.12.35.jar;C:\Users\TDub\.gradle\caches\modules-2\files-2.1\net.runelite.arn\http-api\1.2.23\96212fbf78fa2a5dfc96c653334f0a5ebb60e490\http-api-1.2.23.jar;C:\Users\TDub\.gradle\caches\modules-2\files-2.1\net.runelite\discord\1.4\5e3d040c8c8922d3e8cb900f532d7c08a748d687\discord-1.4.jar;C:\Users\TDub\.gradle\caches\modules-2\files-2.1\net.runelite\rlawt\1.8\f16657784ff32b98e108385bcf4ecfcf7185d67\rlawt-1.8.jar;C:\Users\TDub\.gradle\caches\modules-2\files-2.1\org.slf4j\slf4j-api\1.7.25\da76ca59f6a57ee3102f8f9bd9cee742973efa8a\slf4j-api-1.7.25.jar;C:\Users\TDub\.gradle\caches\modules-2\files-2.1\ch.qos.logback\logback-classic\1.2.9\7d495522b08a9a66084bf417e70eedf95ef706bc\logback-classic-1.2.9.jar;C:\Users\TDub\.gradle\caches\modules-2\files-2.1\net.sf.jopt-simple\jopt-simple\5.0.1\20f7d76f9d06033d68f1b8e58666e7c542e91f08\jopt-simple-5.0.1.jar;C:\Users\TDub\.gradle\caches\modules-2\files-2.1\com.google.guava\guava\23.2-jre\a1a3e54263d357d2ecadcb3f5e7eb6464c66fe93\guava-23.2-jre.jar;C:\Users\TDub\.gradle\caches\modules-2\files-2.1
Launcher Type: SUN_STANDARD

[Global flags]
     intx CICompilerCount                          = 12                                        {product} {ergonomic}
     uint ConcGCThreads                            = 3                                         {product} {ergonomic}
     uint G1ConcRefinementThreads                  = 13                                        {product} {ergonomic}
   size_t G1HeapRegionSize                         = 2097152                                   {product} {ergonomic}
    uintx GCDrainStackTargetSize                   = 64                                        {product} {ergonomic}
   size_t InitialHeapSize                          = 526385152                                 {product} {ergonomic}
   size_t MarkStackSize                            = 4194304                                   {product} {ergonomic}
   size_t MaxHeapSize                              = 8422162432                                {product} {ergonomic}
   size_t MaxNewSize                               = 5052039168                                {product} {ergonomic}
   size_t MinHeapDeltaBytes                        = 2097152                                   {product} {ergonomic}
    uintx NonNMethodCodeHeapSize                   = 7594288                                {pd product} {ergonomic}
    uintx NonProfiledCodeHeapSize                  = 122031976                              {pd product} {ergonomic}
    uintx ProfiledCodeHeapSize                     = 122031976                              {pd product} {ergonomic}
    uintx ReservedCodeCacheSize                    = 251658240                              {pd product} {ergonomic}
     bool SegmentedCodeCache                       = true                                      {product} {ergonomic}
     bool UseCompressedClassPointers               = true                                 {lp64_product} {ergonomic}
     bool UseCompressedOops                        = true                                 {lp64_product} {ergonomic}
     bool UseG1GC                                  = true                                      {product} {ergonomic}
     bool UseLargePagesIndividualAllocation        = false                                  {pd product} {ergonomic}

Logging:
Log output configuration:
 #0: stdout all=warning uptime,level,tags
 #1: stderr all=off uptime,level,tags

Environment Variables:
PATH=C:\WINDOWS\system32;C:\WINDOWS;C:\WINDOWS\System32\Wbem;C:\WINDOWS\System32\WindowsPowerShell\v1.0\;C:\WINDOWS\System32\OpenSSH\;C:\Program Files\dotnet\;C:\Program Files\Git\cmd;C:\Users\TDub\AppData\Local\Microsoft\WindowsApps;
USERNAME=TDub
OS=Windows_NT
PROCESSOR_IDENTIFIER=Intel64 Family 6 Model 197 Stepping 2, GenuineIntel
TMP=C:\Users\TDub\AppData\Local\Temp
TEMP=C:\Users\TDub\AppData\Local\Temp



---------------  S Y S T E M  ---------------

OS: Windows 11 , 64 bit Build 26100 (10.0.26100.8972)
OS uptime: 8 days 1:18 hours
Hyper-V role detected

CPU:total 16 (initial active 16) (16 cores per cpu, 1 threads per core) family 6 model 197 stepping 2 microcode 0x11b, cmov, cx8, fxsr, mmx, sse, sse2, sse3, ssse3, sse4.1, sse4.2, popcnt, avx, avx2, aes, clmul, erms, 3dnowpref, lzcnt, tsc, tscinvbit, bmi1, bmi2, adx, sha, fma

Memory: 4k page, system-wide physical 32125M (5649M free)
TotalPageFile size 39157M (AvailPageFile size 544M)
current process WorkingSet (physical memory assigned to process): 1423M, peak: 1428M
current process commit charge ("private bytes"): 1392M, peak: 1401M

vm_info: OpenJDK 64-Bit Server VM (11.0.32+9-LTS) for windows-amd64 JRE (11.0.32+9-LTS), built on Jul 11 2026 08:09:03 by "MicrosoftCorporation" with unknown MS VC++:1943

END.
